 libMatlabCppSharedLib9_5

 Timestamp is 5b85e661 (Tue Aug 28 20:18:41 2018)

 Preferred load address is 0000000180000000

 Start         Length     Name                   Class
 0001:00000000 00009ad0H .text$mn                CODE
 0001:00009ad0 000000e0H .text$mn$00             CODE
 0001:00009bb0 00000450H .text$x                 CODE
 0001:0000a000 0000006cH .text$yd                CODE
 0002:00000000 00000348H .idata$5                DATA
 0002:00000348 00000020H .00cfg                  DATA
 0002:00000368 00000008H .CRT$XCA                DATA
 0002:00000370 00000008H .CRT$XCZ                DATA
 0002:00000378 00000008H .CRT$XIA                DATA
 0002:00000380 00000008H .CRT$XIC                DATA
 0002:00000388 00000008H .CRT$XIZ                DATA
 0002:00000390 00000008H .CRT$XLA                DATA
 0002:00000398 00000008H .CRT$XLZ                DATA
 0002:000003a0 00000008H .CRT$XPA                DATA
 0002:000003a8 00000008H .CRT$XPZ                DATA
 0002:000003b0 00000008H .CRT$XTA                DATA
 0002:000003b8 00000008H .CRT$XTZ                DATA
 0002:000003c0 00000000H .gfids$y                DATA
 0002:000003c0 000011d8H .rdata                  DATA
 0002:00001598 00000028H .rdata$T                DATA
 0002:000015c0 000007c4H .rdata$r                DATA
 0002:00001d84 0000034cH .rdata$zzzdbg           DATA
 0002:000020d0 00000008H .rtc$IAA                DATA
 0002:000020d8 00000008H .rtc$IZZ                DATA
 0002:000020e0 00000008H .rtc$TAA                DATA
 0002:000020e8 00000008H .rtc$TZZ                DATA
 0002:000020f0 00000004H .tls                    DATA
 0002:000020f4 00000004H .tls$                   DATA
 0002:000020f8 00000008H .tls$ZZZ                DATA
 0002:00002100 00001cb0H .xdata                  DATA
 0002:00003db0 000001b0H .xdata$x                DATA
 0002:00003f60 000003b4H .edata                  DATA
 0002:00004314 0000008cH .idata$2                DATA
 0002:000043a0 00000018H .idata$3                DATA
 0002:000043b8 00000348H .idata$4                DATA
 0002:00004700 00000c86H .idata$6                DATA
 0003:00000000 00000060H .data                   DATA
 0003:00000060 000003a0H .data$r                 DATA
 0003:00000400 00001648H .bss                    DATA
 0004:00000000 00000c30H .pdata                  DATA

  Address         Publics by Value              Rva+Base               Lib:Object

 0000:00000000       __guard_fids_table         0000000000000000     <absolute>
 0000:00000000       __hybrid_auxiliary_iat     0000000000000000     <absolute>
 0000:00000000       __hybrid_code_map_count    0000000000000000     <absolute>
 0000:00000000       __hybrid_code_map          0000000000000000     <absolute>
 0000:00000000       ___safe_se_handler_table   0000000000000000     <absolute>
 0000:00000000       __guard_iat_count          0000000000000000     <absolute>
 0000:00000000       __guard_iat_table          0000000000000000     <absolute>
 0000:00000000       __enclave_config           0000000000000000     <absolute>
 0000:00000000       ___safe_se_handler_count   0000000000000000     <absolute>
 0000:00000000       __guard_longjmp_table      0000000000000000     <absolute>
 0000:00000000       __guard_longjmp_count      0000000000000000     <absolute>
 0000:00000000       __dynamic_value_reloc_table 0000000000000000     <absolute>
 0000:00000000       __guard_fids_count         0000000000000000     <absolute>
 0000:00000100       __guard_flags              0000000000000100     <absolute>
 0000:00000000       __ImageBase                0000000180000000     <linker-defined>
 0001:00000000       ??$?0$$V@?$_Compressed_pair@V?$allocator@D@std@@V?$_String_val@U?$_Simple_types@D@std@@@2@$00@std@@QEAA@U_Zero_then_variadic_args_t@1@@Z 0000000180001000 f i cppsharedlib_api.obj
 0001:00000010       ??$?0$$V@?$_Compressed_pair@V?$allocator@_S@std@@V?$_String_val@U?$_Simple_types@_S@std@@@2@$00@std@@QEAA@U_Zero_then_variadic_args_t@1@@Z 0000000180001010 f i cppsharedlib_api.obj
 0001:00000020       ??$?0A6AXPEAPEA_S_K@Z$0A@@?$tuple@A6AXPEAPEA_S_K@ZAEAPEAPEA_SAEA_KAEAVexception_ptr@std@@@std@@QEAA@A6AXPEAPEA_S_K@ZAEAPEAPEA_SAEA_KAEAVexception_ptr@1@@Z 0000000180001020 f i cppsharedlib_api.obj
 0001:00000040       ??$?0A6AXPEAPEA_S_K@Z@?$_Tuple_val@A6AXPEAPEA_S_K@Z@std@@QEAA@A6AXPEAPEA_S_K@Z@Z 0000000180001040 f i cppsharedlib_api.obj
 0001:00000050       ??$?0AEAPEAPEA_S@?$_Tuple_val@AEAPEAPEA_S@std@@QEAA@AEAPEAPEA_S@Z 0000000180001050 f i cppsharedlib_api.obj
 0001:00000060       ??$?0AEAVexception_ptr@std@@@?$_Tuple_val@AEAVexception_ptr@std@@@std@@QEAA@AEAVexception_ptr@1@@Z 0000000180001060 f i cppsharedlib_api.obj
 0001:00000070       ??$?0AEA_K@?$_Tuple_val@AEA_K@std@@QEAA@AEA_K@Z 0000000180001070 f i cppsharedlib_api.obj
 0001:00000080       ??$?0AEBV?$allocator@V?$basic_string@_SU?$char_traits@_S@std@@V?$allocator@_S@2@@std@@@std@@$$V@?$_Compressed_pair@V?$allocator@V?$basic_string@_SU?$char_traits@_S@std@@V?$allocator@_S@2@@std@@@std@@V?$_Vector_val@U?$_Simple_types@V?$basic_string@_SU?$char_traits@_S@std@@V?$allocator@_S@2@@std@@@std@@@2@$00@std@@QEAA@U_One_then_variadic_args_t@1@AEBV?$allocator@V?$basic_string@_SU?$char_traits@_S@std@@V?$allocator@_S@2@@std@@@1@@Z 0000000180001080 f i cppsharedlib_api.obj
 0001:000000a0       ??$?0AEBV?$allocator@V?$basic_string@_SU?$char_traits@_S@std@@V?$allocator@_S@2@@std@@@std@@X@?$_Vector_alloc@U?$_Vec_base_types@V?$basic_string@_SU?$char_traits@_S@std@@V?$allocator@_S@2@@std@@V?$allocator@V?$basic_string@_SU?$char_traits@_S@std@@V?$allocator@_S@2@@std@@@2@@std@@@std@@QEAA@AEBV?$allocator@V?$basic_string@_SU?$char_traits@_S@std@@V?$allocator@_S@2@@std@@@1@@Z 00000001800010a0 f i cppsharedlib_api.obj
 0001:000000c0       ??$?0U_Exact_args_t@std@@$0A@@?$tuple@$$V@std@@QEAA@U_Exact_args_t@1@@Z 00000001800010c0 f i cppsharedlib_api.obj
 0001:000000d0       ??$?0U_Exact_args_t@std@@A6AXPEAPEA_S_K@ZAEAPEAPEA_SAEA_KAEAVexception_ptr@1@$0A@@?$tuple@A6AXPEAPEA_S_K@ZAEAPEAPEA_SAEA_KAEAVexception_ptr@std@@@std@@QEAA@U_Exact_args_t@1@A6AXPEAPEA_S_K@ZAEAPEAPEA_SAEA_KAEAVexception_ptr@1@@Z 00000001800010d0 f i cppsharedlib_api.obj
 0001:000000f0       ??$?0U_Exact_args_t@std@@AEAPEAPEA_SAEA_KAEAVexception_ptr@1@$0A@@?$tuple@AEAPEAPEA_SAEA_KAEAVexception_ptr@std@@@std@@QEAA@U_Exact_args_t@1@AEAPEAPEA_SAEA_KAEAVexception_ptr@1@@Z 00000001800010f0 f i cppsharedlib_api.obj
 0001:00000110       ??$?0U_Exact_args_t@std@@AEAVexception_ptr@1@$$V$0A@@?$tuple@AEAVexception_ptr@std@@@std@@QEAA@U_Exact_args_t@1@AEAVexception_ptr@1@@Z 0000000180001110 f i cppsharedlib_api.obj
 0001:00000120       ??$?0U_Exact_args_t@std@@AEA_KAEAVexception_ptr@1@$0A@@?$tuple@AEA_KAEAVexception_ptr@std@@@std@@QEAA@U_Exact_args_t@1@AEA_KAEAVexception_ptr@1@@Z 0000000180001120 f i cppsharedlib_api.obj
 0001:00000130       ??$?6U?$char_traits@D@std@@@std@@YAAEAV?$basic_ostream@DU?$char_traits@D@std@@@0@AEAV10@PEBD@Z 0000000180001130 f i cppsharedlib_api.obj
 0001:000002f0       ??$?8_SU?$char_traits@_S@std@@V?$allocator@_S@1@@std@@YA_NAEBV?$basic_string@_SU?$char_traits@_S@std@@V?$allocator@_S@2@@0@QEB_S@Z 00000001800012f0 f i cppsharedlib_api.obj
 0001:00000360       ??$_Call@A6AXPEAPEA_S_K@ZAEAPEAPEA_SAEA_K@_Invoker_functor@std@@SAXA6AXPEAPEA_S_K@ZAEAPEAPEA_SAEA_K@Z 0000000180001360 f i cppsharedlib_api.obj
 0001:00000370       ??$_Callback_once@V?$tuple@A6AXPEAPEA_S_K@ZAEAPEAPEA_SAEA_KAEAVexception_ptr@std@@@std@@U?$integer_sequence@_K$0A@$00$01@2@$02@std@@YAHPEAX0PEAPEAX@Z 0000000180001370 f i cppsharedlib_api.obj
 0001:000003b0       ??$_Convert_size@_K@std@@YA_K_K@Z 00000001800013b0 f i cppsharedlib_api.obj
 0001:000003c0       ??$_Destroy_range1@V?$allocator@V?$basic_string@_SU?$char_traits@_S@std@@V?$allocator@_S@2@@std@@@std@@@std@@YAXPEAV?$basic_string@_SU?$char_traits@_S@std@@V?$allocator@_S@2@@0@0AEAV?$allocator@V?$basic_string@_SU?$char_traits@_S@std@@V?$allocator@_S@2@@std@@@0@U?$integral_constant@_N$0A@@0@@Z 00000001800013c0 f i cppsharedlib_api.obj
 0001:00000400       ??$_Destroy_range@V?$allocator@V?$basic_string@_SU?$char_traits@_S@std@@V?$allocator@_S@2@@std@@@std@@@std@@YAXPEAV?$basic_string@_SU?$char_traits@_S@std@@V?$allocator@_S@2@@0@0AEAV?$allocator@V?$basic_string@_SU?$char_traits@_S@std@@V?$allocator@_S@2@@std@@@0@@Z 0000000180001400 f i cppsharedlib_api.obj
 0001:00000440       ??$_Invoke_stored_explicit@A6AXPEAPEA_S_K@ZAEAPEAPEA_SAEA_KAEAVexception_ptr@std@@$$Z$0A@$00$01@std@@YAX$$QEAV?$tuple@A6AXPEAPEA_S_K@ZAEAPEAPEA_SAEA_KAEAVexception_ptr@std@@@0@U?$integer_sequence@_K$0A@$00$01@0@@Z 0000000180001440 f i cppsharedlib_api.obj
 0001:00000460       ??$_Max_value@_K@std@@YAAEB_KAEB_K0@Z 0000000180001460 f i cppsharedlib_api.obj
 0001:00000470       ??$_Min_value@_K@std@@YAAEB_KAEB_K0@Z 0000000180001470 f i cppsharedlib_api.obj
 0001:00000480       ??$_Pocma@V?$allocator@_S@std@@@std@@YAXAEAV?$allocator@_S@0@0@Z 0000000180001480 f i cppsharedlib_api.obj
 0001:00000490       ??$_Pocma@V?$allocator@_S@std@@@std@@YAXAEAV?$allocator@_S@0@0U?$integral_constant@_N$00@0@@Z 0000000180001490 f i cppsharedlib_api.obj
 0001:00000800       ??$_Traits_equal@U?$char_traits@_S@std@@@std@@YA_NQEB_S_K01@Z 0000000180001800 f i cppsharedlib_api.obj
 0001:00000840       ??$_Unfancy@D@std@@YAPEADPEAD@Z 0000000180001840 f i cppsharedlib_api.obj
 0001:00000850       ??$_Unfancy@V?$basic_string@_SU?$char_traits@_S@std@@V?$allocator@_S@2@@std@@@std@@YAPEAV?$basic_string@_SU?$char_traits@_S@std@@V?$allocator@_S@2@@0@PEAV10@@Z 0000000180001850 f i cppsharedlib_api.obj
 0001:00000860       ??$_Unfancy@_S@std@@YAPEA_SPEA_S@Z 0000000180001860 f i cppsharedlib_api.obj
 0001:00000870       ??$_Uninitialized_value_construct_n1@PEAV?$basic_string@_SU?$char_traits@_S@std@@V?$allocator@_S@2@@std@@_KV?$allocator@V?$basic_string@_SU?$char_traits@_S@std@@V?$allocator@_S@2@@std@@@2@@std@@YAPEAV?$basic_string@_SU?$char_traits@_S@std@@V?$allocator@_S@2@@0@PEAV10@_KAEAV?$allocator@V?$basic_string@_SU?$char_traits@_S@std@@V?$allocator@_S@2@@std@@@0@U?$integral_constant@_N$0A@@0@@Z 0000000180001870 f i cppsharedlib_api.obj
 0001:000008d0       ??$_Uninitialized_value_construct_n@PEAV?$basic_string@_SU?$char_traits@_S@std@@V?$allocator@_S@2@@std@@_KV?$allocator@V?$basic_string@_SU?$char_traits@_S@std@@V?$allocator@_S@2@@std@@@2@@std@@YAPEAV?$basic_string@_SU?$char_traits@_S@std@@V?$allocator@_S@2@@0@PEAV10@_KAEAV?$allocator@V?$basic_string@_SU?$char_traits@_S@std@@V?$allocator@_S@2@@std@@@0@@Z 00000001800018d0 f i cppsharedlib_api.obj
 0001:000008e0       ??$addressof@PEAD@std@@YAPEAPEADAEAPEAD@Z 00000001800018e0 f i cppsharedlib_api.obj
 0001:000008f0       ??$addressof@PEA_S@std@@YAPEAPEA_SAEAPEA_S@Z 00000001800018f0 f i cppsharedlib_api.obj
 0001:00000900       ??$addressof@V?$_String_val@U?$_Simple_types@_S@std@@@std@@@std@@YAPEAV?$_String_val@U?$_Simple_types@_S@std@@@0@AEAV10@@Z 0000000180001900 f i cppsharedlib_api.obj
 0001:00000910       ??$addressof@V?$basic_string@_SU?$char_traits@_S@std@@V?$allocator@_S@2@@std@@@std@@YAPEAV?$basic_string@_SU?$char_traits@_S@std@@V?$allocator@_S@2@@0@AEAV10@@Z 0000000180001910 f i cppsharedlib_api.obj
 0001:00000920       ??$addressof@V?$tuple@A6AXPEAPEA_S_K@ZAEAPEAPEA_SAEA_KAEAVexception_ptr@std@@@std@@@std@@YAPEAV?$tuple@A6AXPEAPEA_S_K@ZAEAPEAPEA_SAEA_KAEAVexception_ptr@std@@@0@AEAV10@@Z 0000000180001920 f i cppsharedlib_api.obj
 0001:00000930       ??$call_once@A6AXPEAPEA_S_K@ZAEAPEAPEA_SAEA_K@std@@YAXAEAUonce_flag@0@A6AXPEAPEA_S_K@ZAEAPEAPEA_SAEA_K@Z 0000000180001930 f i cppsharedlib_api.obj
 0001:000009f0       ??$construct@PEADAEBQEAD@?$_Default_allocator_traits@V?$allocator@D@std@@@std@@SAXAEAV?$allocator@D@1@QEAPEADAEBQEAD@Z 00000001800019f0 f i cppsharedlib_api.obj
 0001:00000a00       ??$construct@PEA_SAEBQEA_S@?$_Default_allocator_traits@V?$allocator@_S@std@@@std@@SAXAEAV?$allocator@_S@1@QEAPEA_SAEBQEA_S@Z 0000000180001a00 f i cppsharedlib_api.obj
 0001:00000a10       ??$construct@V?$basic_string@_SU?$char_traits@_S@std@@V?$allocator@_S@2@@std@@$$V@?$_Default_allocator_traits@V?$allocator@V?$basic_string@_SU?$char_traits@_S@std@@V?$allocator@_S@2@@std@@@std@@@std@@SAXAEAV?$allocator@V?$basic_string@_SU?$char_traits@_S@std@@V?$allocator@_S@2@@std@@@1@QEAV?$basic_string@_SU?$char_traits@_S@std@@V?$allocator@_S@2@@1@@Z 0000000180001a10 f i cppsharedlib_api.obj
 0001:00000a30       ??$destroy@PEAD@?$_Default_allocator_traits@V?$allocator@D@std@@@std@@SAXAEAV?$allocator@D@1@QEAPEAD@Z 0000000180001a30 f i cppsharedlib_api.obj
 0001:00000a40       ??$destroy@PEA_S@?$_Default_allocator_traits@V?$allocator@_S@std@@@std@@SAXAEAV?$allocator@_S@1@QEAPEA_S@Z 0000000180001a40 f i cppsharedlib_api.obj
 0001:00000a50       ??$destroy@V?$basic_string@_SU?$char_traits@_S@std@@V?$allocator@_S@2@@std@@@?$_Default_allocator_traits@V?$allocator@V?$basic_string@_SU?$char_traits@_S@std@@V?$allocator@_S@2@@std@@@std@@@std@@SAXAEAV?$allocator@V?$basic_string@_SU?$char_traits@_S@std@@V?$allocator@_S@2@@std@@@1@QEAV?$basic_string@_SU?$char_traits@_S@std@@V?$allocator@_S@2@@1@@Z 0000000180001a50 f i cppsharedlib_api.obj
 0001:00000a70       ??$endl@DU?$char_traits@D@std@@@std@@YAAEAV?$basic_ostream@DU?$char_traits@D@std@@@0@AEAV10@@Z 0000000180001a70 f i cppsharedlib_api.obj
 0001:00000ab0       ??$forward@A6AXPEAPEA_S_K@Z@std@@YAA6AXPEAPEA_S_K@ZA6AX01@Z@Z 0000000180001ab0 f i cppsharedlib_api.obj
 0001:00000ac0       ??$forward@AEAPEAPEA_S@std@@YAAEAPEAPEA_SAEAPEAPEA_S@Z 0000000180001ac0 f i cppsharedlib_api.obj
 0001:00000ad0       ??$forward@AEAVexception_ptr@std@@@std@@YAAEAVexception_ptr@0@AEAV10@@Z 0000000180001ad0 f i cppsharedlib_api.obj
 0001:00000ae0       ??$forward@AEA_K@std@@YAAEA_KAEA_K@Z 0000000180001ae0 f i cppsharedlib_api.obj
 0001:00000af0       ??$forward@AEBQEAD@std@@YAAEBQEADAEBQEAD@Z 0000000180001af0 f i cppsharedlib_api.obj
 0001:00000b00       ??$forward@AEBQEA_S@std@@YAAEBQEA_SAEBQEA_S@Z 0000000180001b00 f i cppsharedlib_api.obj
 0001:00000b10       ??$forward@AEBV?$allocator@V?$basic_string@_SU?$char_traits@_S@std@@V?$allocator@_S@2@@std@@@std@@@std@@YAAEBV?$allocator@V?$basic_string@_SU?$char_traits@_S@std@@V?$allocator@_S@2@@std@@@0@AEBV10@@Z 0000000180001b10 f i cppsharedlib_api.obj
 0001:00000b20       ??$get@$00A6AXPEAPEA_S_K@ZAEAPEAPEA_SAEA_KAEAVexception_ptr@std@@@std@@YAAEAPEAPEA_S$$QEAV?$tuple@A6AXPEAPEA_S_K@ZAEAPEAPEA_SAEA_KAEAVexception_ptr@std@@@0@@Z 0000000180001b20 f i cppsharedlib_api.obj
 0001:00000b30       ??$get@$01A6AXPEAPEA_S_K@ZAEAPEAPEA_SAEA_KAEAVexception_ptr@std@@@std@@YAAEA_K$$QEAV?$tuple@A6AXPEAPEA_S_K@ZAEAPEAPEA_SAEA_KAEAVexception_ptr@std@@@0@@Z 0000000180001b30 f i cppsharedlib_api.obj
 0001:00000b40       ??$get@$02A6AXPEAPEA_S_K@ZAEAPEAPEA_SAEA_KAEAVexception_ptr@std@@@std@@YAAEAVexception_ptr@0@AEAV?$tuple@A6AXPEAPEA_S_K@ZAEAPEAPEA_SAEA_KAEAVexception_ptr@std@@@0@@Z 0000000180001b40 f i cppsharedlib_api.obj
 0001:00000b50       ??$get@$0A@A6AXPEAPEA_S_K@ZAEAPEAPEA_SAEA_KAEAVexception_ptr@std@@@std@@YAA6AXPEAPEA_S_K@Z$$QEAV?$tuple@A6AXPEAPEA_S_K@ZAEAPEAPEA_SAEA_KAEAVexception_ptr@std@@@0@@Z 0000000180001b50 f i cppsharedlib_api.obj
 0001:00000b60       ??$invoke@A6AXPEAPEA_S_K@ZAEAPEAPEA_SAEA_K@std@@YAXA6AXPEAPEA_S_K@ZAEAPEAPEA_SAEA_K@Z 0000000180001b60 f i cppsharedlib_api.obj
 0001:00000b70       ??$move@AEAV?$allocator@_S@std@@@std@@YA$$QEAV?$allocator@_S@0@AEAV10@@Z 0000000180001b70 f i cppsharedlib_api.obj
 0001:00000b80       ??$move@AEAV?$basic_string@_SU?$char_traits@_S@std@@V?$allocator@_S@2@@std@@@std@@YA$$QEAV?$basic_string@_SU?$char_traits@_S@std@@V?$allocator@_S@2@@0@AEAV10@@Z 0000000180001b80 f i cppsharedlib_api.obj
 0001:00000b90       ??$move@AEAV?$tuple@A6AXPEAPEA_S_K@ZAEAPEAPEA_SAEA_KAEAVexception_ptr@std@@@std@@@std@@YA$$QEAV?$tuple@A6AXPEAPEA_S_K@ZAEAPEAPEA_SAEA_KAEAVexception_ptr@std@@@0@AEAV10@@Z 0000000180001b90 f i cppsharedlib_api.obj
 0001:00000ba0       ??$resolve_function@P6AHP6AHHPEAPEBD@ZH0@Z@@YAXPEAXPEAP6AHP6AHHPEAPEBD@ZH1@ZPEBD@Z 0000000180001ba0 f i cppsharedlib_api.obj
 0001:00000bc0       ??$resolve_function@P6APEBD_K0@Z@@YAXPEAXPEAP6APEBD_K1@ZPEBD@Z 0000000180001bc0 f i cppsharedlib_api.obj
 0001:00000be0       ??$resolve_function@P6APEBD_K@Z@@YAXPEAXPEAP6APEBD_K@ZPEBD@Z 0000000180001be0 f i cppsharedlib_api.obj
 0001:00000c00       ??$resolve_function@P6APEB_S_K0@Z@@YAXPEAXPEAP6APEB_S_K1@ZPEBD@Z 0000000180001c00 f i cppsharedlib_api.obj
 0001:00000c20       ??$resolve_function@P6AXAEBV?$vector@V?$basic_string@_SU?$char_traits@_S@std@@V?$allocator@_S@2@@std@@V?$allocator@V?$basic_string@_SU?$char_traits@_S@std@@V?$allocator@_S@2@@std@@@2@@std@@@Z@@YAXPEAXPEAP6AXAEBV?$vector@V?$basic_string@_SU?$char_traits@_S@std@@V?$allocator@_S@2@@std@@V?$allocator@V?$basic_string@_SU?$char_traits@_S@std@@V?$allocator@_S@2@@std@@@2@@std@@@ZPEBD@Z 0000000180001c20 f i cppsharedlib_api.obj
 0001:00000c40       ??$resolve_function@P6AXXZ@@YAXPEAXPEAP6AXXZPEBD@Z 0000000180001c40 f i cppsharedlib_api.obj
 0001:00000c60       ??$resolve_function@P6AX_K@Z@@YAXPEAXPEAP6AX_K@ZPEBD@Z 0000000180001c60 f i cppsharedlib_api.obj
 0001:00000c80       ??$resolve_function@P6A_KAEBV?$basic_string@_SU?$char_traits@_S@std@@V?$allocator@_S@2@@std@@@Z@@YAXPEAXPEAP6A_KAEBV?$basic_string@_SU?$char_traits@_S@std@@V?$allocator@_S@2@@std@@@ZPEBD@Z 0000000180001c80 f i cppsharedlib_api.obj
 0001:00000ca0       ??$resolve_function@P6A_K_K0@Z@@YAXPEAXPEAP6A_K_K1@ZPEBD@Z 0000000180001ca0 f i cppsharedlib_api.obj
 0001:00000cc0       ??$resolve_function@P6A_K_K@Z@@YAXPEAXPEAP6A_K_K@ZPEBD@Z 0000000180001cc0 f i cppsharedlib_api.obj
 0001:00000ce0       ??$resolve_function@P6A_K_KV?$basic_string@DU?$char_traits@D@std@@V?$allocator@D@2@@std@@0_NPEAPEAVArrayImpl@impl@data@matlab@@_KP6AXPEAX423@ZP6AX5424PEBX@Z555P6AX5PEB_S4@ZP6AX5@Z@Z@@YAXPEAXPEAP6A_K_KV?$basic_string@DU?$char_traits@D@std@@V?$allocator@D@2@@std@@1_NPEAPEAVArrayImpl@impl@data@matlab@@_KP6AX0534@ZP6AX0535PEBX@Z000P6AX0PEB_S5@ZP6AX0@Z@ZPEBD@Z 0000000180001ce0 f i cppsharedlib_api.obj
 0001:00000d00       ??$resolve_function@P6A_N_KN@Z@@YAXPEAXPEAP6A_N_KN@ZPEBD@Z 0000000180001d00 f i cppsharedlib_api.obj
 0001:00000d20       ??$resolve_function@P6A_N_K_N@Z@@YAXPEAXPEAP6A_N_K_N@ZPEBD@Z 0000000180001d20 f i cppsharedlib_api.obj
 0001:00000d40       ??0?$_String_alloc@U?$_String_base_types@DV?$allocator@D@std@@@std@@@std@@QEAA@XZ 0000000180001d40 f i cppsharedlib_api.obj
 0001:00000d50       ??0?$_String_alloc@U?$_String_base_types@_SV?$allocator@_S@std@@@std@@@std@@QEAA@XZ 0000000180001d50 f i cppsharedlib_api.obj
 0001:00000d60       ??0?$_String_val@U?$_Simple_types@D@std@@@std@@QEAA@XZ 0000000180001d60 f i cppsharedlib_api.obj
 0001:00000d70       ??0?$_String_val@U?$_Simple_types@_S@std@@@std@@QEAA@XZ 0000000180001d70 f i cppsharedlib_api.obj
 0001:00000d80       ??0?$_Vector_val@U?$_Simple_types@V?$basic_string@_SU?$char_traits@_S@std@@V?$allocator@_S@2@@std@@@std@@@std@@QEAA@XZ 0000000180001d80 f i cppsharedlib_api.obj
 0001:00000da0       ??0?$allocator@D@std@@QEAA@XZ 0000000180001da0 f i cppsharedlib_api.obj
 0001:00000db0       ??0?$allocator@V?$basic_string@_SU?$char_traits@_S@std@@V?$allocator@_S@2@@std@@@std@@QEAA@XZ 0000000180001db0 f i cppsharedlib_api.obj
 0001:00000dc0       ??0?$allocator@_S@std@@QEAA@XZ 0000000180001dc0 f i cppsharedlib_api.obj
 0001:00000dd0       ??0?$basic_string@DU?$char_traits@D@std@@V?$allocator@D@2@@std@@QEAA@QEBD@Z 0000000180001dd0 f i cppsharedlib_api.obj
 0001:00000e10       ??0?$basic_string@_SU?$char_traits@_S@std@@V?$allocator@_S@2@@std@@QEAA@QEB_S@Z 0000000180001e10 f i cppsharedlib_api.obj
 0001:00000e60       ??0?$basic_string@_SU?$char_traits@_S@std@@V?$allocator@_S@2@@std@@QEAA@XZ 0000000180001e60 f i cppsharedlib_api.obj
 0001:00000e80       ??0?$vector@V?$basic_string@_SU?$char_traits@_S@std@@V?$allocator@_S@2@@std@@V?$allocator@V?$basic_string@_SU?$char_traits@_S@std@@V?$allocator@_S@2@@std@@@2@@std@@QEAA@_KAEBV?$allocator@V?$basic_string@_SU?$char_traits@_S@std@@V?$allocator@_S@2@@std@@@1@@Z 0000000180001e80 f i cppsharedlib_api.obj
 0001:00000f60       ??0_Bxty@?$_String_val@U?$_Simple_types@D@std@@@std@@QEAA@XZ 0000000180001f60 f i cppsharedlib_api.obj
 0001:00000f70       ??0_Bxty@?$_String_val@U?$_Simple_types@_S@std@@@std@@QEAA@XZ 0000000180001f70 f i cppsharedlib_api.obj
 0001:00000f80       ??0_Sentry_base@?$basic_ostream@DU?$char_traits@D@std@@@std@@QEAA@AEAV12@@Z 0000000180001f80 f i cppsharedlib_api.obj
 0001:00000fb0       ??0exception_ptr@std@@QEAA@AEBV01@@Z 0000000180001fb0 f i cppsharedlib_api.obj
 0001:00000fd0       ??0exception_ptr@std@@QEAA@XZ 0000000180001fd0 f i cppsharedlib_api.obj
 0001:00000ff0       ??0once_flag@std@@QEAA@XZ  0000000180001ff0 f i cppsharedlib_api.obj
 0001:00001000       ??0sentry@?$basic_ostream@DU?$char_traits@D@std@@@std@@QEAA@AEAV12@@Z 0000000180002000 f i cppsharedlib_api.obj
 0001:00001080       ??1?$_Compressed_pair@V?$allocator@D@std@@V?$_String_val@U?$_Simple_types@D@std@@@2@$00@std@@QEAA@XZ 0000000180002080 f i cppsharedlib_api.obj
 0001:00001090       ??1?$_Compressed_pair@V?$allocator@_S@std@@V?$_String_val@U?$_Simple_types@_S@std@@@2@$00@std@@QEAA@XZ 0000000180002090 f i cppsharedlib_api.obj
 0001:000010a0       ??1?$_String_alloc@U?$_String_base_types@DV?$allocator@D@std@@@std@@@std@@QEAA@XZ 00000001800020a0 f i cppsharedlib_api.obj
 0001:000010b0       ??1?$_String_alloc@U?$_String_base_types@_SV?$allocator@_S@std@@@std@@@std@@QEAA@XZ 00000001800020b0 f i cppsharedlib_api.obj
 0001:000010c0       ??1?$_String_val@U?$_Simple_types@D@std@@@std@@QEAA@XZ 00000001800020c0 f i cppsharedlib_api.obj
 0001:000010d0       ??1?$_String_val@U?$_Simple_types@_S@std@@@std@@QEAA@XZ 00000001800020d0 f i cppsharedlib_api.obj
 0001:000010e0       ??1?$basic_string@DU?$char_traits@D@std@@V?$allocator@D@2@@std@@QEAA@XZ 00000001800020e0 f i cppsharedlib_api.obj
 0001:00001100       ??1?$basic_string@_SU?$char_traits@_S@std@@V?$allocator@_S@2@@std@@QEAA@XZ 0000000180002100 f i cppsharedlib_api.obj
 0001:00001120       ??1?$vector@V?$basic_string@_SU?$char_traits@_S@std@@V?$allocator@_S@2@@std@@V?$allocator@V?$basic_string@_SU?$char_traits@_S@std@@V?$allocator@_S@2@@std@@@2@@std@@QEAA@XZ 0000000180002120 f i cppsharedlib_api.obj
 0001:00001140       ??1_Bxty@?$_String_val@U?$_Simple_types@D@std@@@std@@QEAA@XZ 0000000180002140 f i cppsharedlib_api.obj
 0001:00001150       ??1_Bxty@?$_String_val@U?$_Simple_types@_S@std@@@std@@QEAA@XZ 0000000180002150 f i cppsharedlib_api.obj
 0001:00001160       ??1_Sentry_base@?$basic_ostream@DU?$char_traits@D@std@@@std@@QEAA@XZ 0000000180002160 f i cppsharedlib_api.obj
 0001:00001190       ??1exception_ptr@std@@QEAA@XZ 0000000180002190 f i cppsharedlib_api.obj
 0001:000011a0       ??1sentry@?$basic_ostream@DU?$char_traits@D@std@@@std@@QEAA@XZ 00000001800021a0 f i cppsharedlib_api.obj
 0001:000011f0       ??2@YAPEAX_KPEAX@Z         00000001800021f0 f i cppsharedlib_api.obj
 0001:00001200       ??4?$basic_string@_SU?$char_traits@_S@std@@V?$allocator@_S@2@@std@@QEAAAEAV01@$$QEAV01@@Z 0000000180002200 f i cppsharedlib_api.obj
 0001:00001260       ??4exception_ptr@std@@QEAAAEAV01@AEBV01@@Z 0000000180002260 f i cppsharedlib_api.obj
 0001:00001280       ??A?$vector@V?$basic_string@_SU?$char_traits@_S@std@@V?$allocator@_S@2@@std@@V?$allocator@V?$basic_string@_SU?$char_traits@_S@std@@V?$allocator@_S@2@@std@@@2@@std@@QEAAAEAV?$basic_string@_SU?$char_traits@_S@std@@V?$allocator@_S@2@@1@_K@Z 0000000180002280 f i cppsharedlib_api.obj
 0001:00001290       ??Bexception_ptr@std@@QEBA_NXZ 0000000180002290 f i cppsharedlib_api.obj
 0001:000012a0       ??Bsentry@?$basic_ostream@DU?$char_traits@D@std@@@std@@QEBA_NXZ 00000001800022a0 f i cppsharedlib_api.obj
 0001:00001380       ??Y?$basic_string@DU?$char_traits@D@std@@V?$allocator@D@2@@std@@QEAAAEAV01@QEBD@Z 0000000180002380 f i cppsharedlib_api.obj
 0001:000013a0       ??_G?$basic_string@_SU?$char_traits@_S@std@@V?$allocator@_S@2@@std@@QEAAPEAXI@Z 00000001800023a0 f i cppsharedlib_api.obj
 0001:000013e0       ?_Allocate@std@@YAPEAX_K0_N@Z 00000001800023e0 f i cppsharedlib_api.obj
 0001:00001470       ?_Assign_rv_contents@?$basic_string@_SU?$char_traits@_S@std@@V?$allocator@_S@2@@std@@QEAAX$$QEAV12@U?$integral_constant@_N$00@2@@Z 0000000180002470 f i cppsharedlib_api.obj
 0001:00001490       ?_Assign_rv_contents_with_alloc_always_equal@?$basic_string@_SU?$char_traits@_S@std@@V?$allocator@_S@2@@std@@QEAAX$$QEAV12@U?$integral_constant@_N$00@2@@Z 0000000180002490 f i cppsharedlib_api.obj
 0001:000014b0       ?_Buy@?$vector@V?$basic_string@_SU?$char_traits@_S@std@@V?$allocator@_S@2@@std@@V?$allocator@V?$basic_string@_SU?$char_traits@_S@std@@V?$allocator@_S@2@@std@@@2@@std@@AEAA_N_K@Z 00000001800024b0 f i cppsharedlib_api.obj
 0001:00001560       ?_Calculate_growth@?$basic_string@DU?$char_traits@D@std@@V?$allocator@D@2@@std@@QEBA_K_K@Z 0000000180002560 f i cppsharedlib_api.obj
 0001:000015a0       ?_Calculate_growth@?$basic_string@_SU?$char_traits@_S@std@@V?$allocator@_S@2@@std@@QEBA_K_K@Z 00000001800025a0 f i cppsharedlib_api.obj
 0001:000015e0       ?_Current_exception@exception_ptr@std@@SA?AV12@XZ 00000001800025e0 f i cppsharedlib_api.obj
 0001:00001600       ?_Deallocate@std@@YAXPEAX_K1@Z 0000000180002600 f i cppsharedlib_api.obj
 0001:00001650       ?_Destroy@?$vector@V?$basic_string@_SU?$char_traits@_S@std@@V?$allocator@_S@2@@std@@V?$allocator@V?$basic_string@_SU?$char_traits@_S@std@@V?$allocator@_S@2@@std@@@2@@std@@AEAAXPEAV?$basic_string@_SU?$char_traits@_S@std@@V?$allocator@_S@2@@2@0@Z 0000000180002650 f i cppsharedlib_api.obj
 0001:00001690       ?_Equal@?$basic_string@_SU?$char_traits@_S@std@@V?$allocator@_S@2@@std@@QEBA_NQEB_S@Z 0000000180002690 f i cppsharedlib_api.obj
 0001:00001700       ?_Get_data@?$_String_alloc@U?$_String_base_types@DV?$allocator@D@std@@@std@@@std@@QEAAAEAV?$_String_val@U?$_Simple_types@D@std@@@2@XZ 0000000180002700 f i cppsharedlib_api.obj
 0001:00001710       ?_Get_data@?$_String_alloc@U?$_String_base_types@DV?$allocator@D@std@@@std@@@std@@QEBAAEBV?$_String_val@U?$_Simple_types@D@std@@@2@XZ 0000000180002710 f i cppsharedlib_api.obj
 0001:00001720       ?_Get_data@?$_String_alloc@U?$_String_base_types@_SV?$allocator@_S@std@@@std@@@std@@QEAAAEAV?$_String_val@U?$_Simple_types@_S@std@@@2@XZ 0000000180002720 f i cppsharedlib_api.obj
 0001:00001730       ?_Get_data@?$_String_alloc@U?$_String_base_types@_SV?$allocator@_S@std@@@std@@@std@@QEBAAEBV?$_String_val@U?$_Simple_types@_S@std@@@2@XZ 0000000180002730 f i cppsharedlib_api.obj
 0001:00001740       ?_Get_data@?$_Vector_alloc@U?$_Vec_base_types@V?$basic_string@_SU?$char_traits@_S@std@@V?$allocator@_S@2@@std@@V?$allocator@V?$basic_string@_SU?$char_traits@_S@std@@V?$allocator@_S@2@@std@@@2@@std@@@std@@QEAAAEAV?$_Vector_val@U?$_Simple_types@V?$basic_string@_SU?$char_traits@_S@std@@V?$allocator@_S@2@@std@@@std@@@2@XZ 0000000180002740 f i cppsharedlib_api.obj
 0001:00001750       ?_Get_data@?$_Vector_alloc@U?$_Vec_base_types@V?$basic_string@_SU?$char_traits@_S@std@@V?$allocator@_S@2@@std@@V?$allocator@V?$basic_string@_SU?$char_traits@_S@std@@V?$allocator@_S@2@@std@@@2@@std@@@std@@QEBAAEBV?$_Vector_val@U?$_Simple_types@V?$basic_string@_SU?$char_traits@_S@std@@V?$allocator@_S@2@@std@@@std@@@2@XZ 0000000180002750 f i cppsharedlib_api.obj
 0001:00001760       ?_Get_first@?$_Compressed_pair@V?$allocator@D@std@@V?$_String_val@U?$_Simple_types@D@std@@@2@$00@std@@QEAAAEAV?$allocator@D@2@XZ 0000000180002760 f i cppsharedlib_api.obj
 0001:00001770       ?_Get_first@?$_Compressed_pair@V?$allocator@D@std@@V?$_String_val@U?$_Simple_types@D@std@@@2@$00@std@@QEBAAEBV?$allocator@D@2@XZ 0000000180002770 f i cppsharedlib_api.obj
 0001:00001780       ?_Get_first@?$_Compressed_pair@V?$allocator@V?$basic_string@_SU?$char_traits@_S@std@@V?$allocator@_S@2@@std@@@std@@V?$_Vector_val@U?$_Simple_types@V?$basic_string@_SU?$char_traits@_S@std@@V?$allocator@_S@2@@std@@@std@@@2@$00@std@@QEAAAEAV?$allocator@V?$basic_string@_SU?$char_traits@_S@std@@V?$allocator@_S@2@@std@@@2@XZ 0000000180002780 f i cppsharedlib_api.obj
 0001:00001790       ?_Get_first@?$_Compressed_pair@V?$allocator@V?$basic_string@_SU?$char_traits@_S@std@@V?$allocator@_S@2@@std@@@std@@V?$_Vector_val@U?$_Simple_types@V?$basic_string@_SU?$char_traits@_S@std@@V?$allocator@_S@2@@std@@@std@@@2@$00@std@@QEBAAEBV?$allocator@V?$basic_string@_SU?$char_traits@_S@std@@V?$allocator@_S@2@@std@@@2@XZ 0000000180002790 f i cppsharedlib_api.obj
 0001:000017a0       ?_Get_first@?$_Compressed_pair@V?$allocator@_S@std@@V?$_String_val@U?$_Simple_types@_S@std@@@2@$00@std@@QEAAAEAV?$allocator@_S@2@XZ 00000001800027a0 f i cppsharedlib_api.obj
 0001:000017b0       ?_Get_first@?$_Compressed_pair@V?$allocator@_S@std@@V?$_String_val@U?$_Simple_types@_S@std@@@2@$00@std@@QEBAAEBV?$allocator@_S@2@XZ 00000001800027b0 f i cppsharedlib_api.obj
 0001:000017c0       ?_Get_second@?$_Compressed_pair@V?$allocator@D@std@@V?$_String_val@U?$_Simple_types@D@std@@@2@$00@std@@QEAAAEAV?$_String_val@U?$_Simple_types@D@std@@@2@XZ 00000001800027c0 f i cppsharedlib_api.obj
 0001:000017d0       ?_Get_second@?$_Compressed_pair@V?$allocator@D@std@@V?$_String_val@U?$_Simple_types@D@std@@@2@$00@std@@QEBAAEBV?$_String_val@U?$_Simple_types@D@std@@@2@XZ 00000001800027d0 f i cppsharedlib_api.obj
 0001:000017e0       ?_Get_second@?$_Compressed_pair@V?$allocator@V?$basic_string@_SU?$char_traits@_S@std@@V?$allocator@_S@2@@std@@@std@@V?$_Vector_val@U?$_Simple_types@V?$basic_string@_SU?$char_traits@_S@std@@V?$allocator@_S@2@@std@@@std@@@2@$00@std@@QEAAAEAV?$_Vector_val@U?$_Simple_types@V?$basic_string@_SU?$char_traits@_S@std@@V?$allocator@_S@2@@std@@@std@@@2@XZ 00000001800027e0 f i cppsharedlib_api.obj
 0001:000017f0       ?_Get_second@?$_Compressed_pair@V?$allocator@V?$basic_string@_SU?$char_traits@_S@std@@V?$allocator@_S@2@@std@@@std@@V?$_Vector_val@U?$_Simple_types@V?$basic_string@_SU?$char_traits@_S@std@@V?$allocator@_S@2@@std@@@std@@@2@$00@std@@QEBAAEBV?$_Vector_val@U?$_Simple_types@V?$basic_string@_SU?$char_traits@_S@std@@V?$allocator@_S@2@@std@@@std@@@2@XZ 00000001800027f0 f i cppsharedlib_api.obj
 0001:00001800       ?_Get_second@?$_Compressed_pair@V?$allocator@_S@std@@V?$_String_val@U?$_Simple_types@_S@std@@@2@$00@std@@QEAAAEAV?$_String_val@U?$_Simple_types@_S@std@@@2@XZ 0000000180002800 f i cppsharedlib_api.obj
 0001:00001810       ?_Get_second@?$_Compressed_pair@V?$allocator@_S@std@@V?$_String_val@U?$_Simple_types@_S@std@@@2@$00@std@@QEBAAEBV?$_String_val@U?$_Simple_types@_S@std@@@2@XZ 0000000180002810 f i cppsharedlib_api.obj
 0001:00001820       ?_Getal@?$_String_alloc@U?$_String_base_types@DV?$allocator@D@std@@@std@@@std@@QEAAAEAV?$allocator@D@2@XZ 0000000180002820 f i cppsharedlib_api.obj
 0001:00001830       ?_Getal@?$_String_alloc@U?$_String_base_types@DV?$allocator@D@std@@@std@@@std@@QEBAAEBV?$allocator@D@2@XZ 0000000180002830 f i cppsharedlib_api.obj
 0001:00001840       ?_Getal@?$_String_alloc@U?$_String_base_types@_SV?$allocator@_S@std@@@std@@@std@@QEAAAEAV?$allocator@_S@2@XZ 0000000180002840 f i cppsharedlib_api.obj
 0001:00001850       ?_Getal@?$_String_alloc@U?$_String_base_types@_SV?$allocator@_S@std@@@std@@@std@@QEBAAEBV?$allocator@_S@2@XZ 0000000180002850 f i cppsharedlib_api.obj
 0001:00001860       ?_Getal@?$_Vector_alloc@U?$_Vec_base_types@V?$basic_string@_SU?$char_traits@_S@std@@V?$allocator@_S@2@@std@@V?$allocator@V?$basic_string@_SU?$char_traits@_S@std@@V?$allocator@_S@2@@std@@@2@@std@@@std@@QEAAAEAV?$allocator@V?$basic_string@_SU?$char_traits@_S@std@@V?$allocator@_S@2@@std@@@2@XZ 0000000180002860 f i cppsharedlib_api.obj
 0001:00001870       ?_Getal@?$_Vector_alloc@U?$_Vec_base_types@V?$basic_string@_SU?$char_traits@_S@std@@V?$allocator@_S@2@@std@@V?$allocator@V?$basic_string@_SU?$char_traits@_S@std@@V?$allocator@_S@2@@std@@@2@@std@@@std@@QEBAAEBV?$allocator@V?$basic_string@_SU?$char_traits@_S@std@@V?$allocator@_S@2@@std@@@2@XZ 0000000180002870 f i cppsharedlib_api.obj
 0001:00001880       ?_Large_string_engaged@?$_String_val@U?$_Simple_types@D@std@@@std@@QEBA_NXZ 0000000180002880 f i cppsharedlib_api.obj
 0001:00001890       ?_Large_string_engaged@?$_String_val@U?$_Simple_types@_S@std@@@std@@QEBA_NXZ 0000000180002890 f i cppsharedlib_api.obj
 0001:000018a0       ?_Move_alloc@?$_String_alloc@U?$_String_base_types@_SV?$allocator@_S@std@@@std@@@std@@QEAAXAEAV?$allocator@_S@2@@Z 00000001800028a0 f i cppsharedlib_api.obj
 0001:000018b0       ?_Myend@?$_Vector_alloc@U?$_Vec_base_types@V?$basic_string@_SU?$char_traits@_S@std@@V?$allocator@_S@2@@std@@V?$allocator@V?$basic_string@_SU?$char_traits@_S@std@@V?$allocator@_S@2@@std@@@2@@std@@@std@@QEAAAEAPEAV?$basic_string@_SU?$char_traits@_S@std@@V?$allocator@_S@2@@2@XZ 00000001800028b0 f i cppsharedlib_api.obj
 0001:000018c0       ?_Myend@?$_Vector_alloc@U?$_Vec_base_types@V?$basic_string@_SU?$char_traits@_S@std@@V?$allocator@_S@2@@std@@V?$allocator@V?$basic_string@_SU?$char_traits@_S@std@@V?$allocator@_S@2@@std@@@2@@std@@@std@@QEBAAEBQEAV?$basic_string@_SU?$char_traits@_S@std@@V?$allocator@_S@2@@2@XZ 00000001800028c0 f i cppsharedlib_api.obj
 0001:000018d0       ?_Myfirst@?$_Vector_alloc@U?$_Vec_base_types@V?$basic_string@_SU?$char_traits@_S@std@@V?$allocator@_S@2@@std@@V?$allocator@V?$basic_string@_SU?$char_traits@_S@std@@V?$allocator@_S@2@@std@@@2@@std@@@std@@QEAAAEAPEAV?$basic_string@_SU?$char_traits@_S@std@@V?$allocator@_S@2@@2@XZ 00000001800028d0 f i cppsharedlib_api.obj
 0001:000018e0       ?_Myfirst@?$_Vector_alloc@U?$_Vec_base_types@V?$basic_string@_SU?$char_traits@_S@std@@V?$allocator@_S@2@@std@@V?$allocator@V?$basic_string@_SU?$char_traits@_S@std@@V?$allocator@_S@2@@std@@@2@@std@@@std@@QEBAAEBQEAV?$basic_string@_SU?$char_traits@_S@std@@V?$allocator@_S@2@@2@XZ 00000001800028e0 f i cppsharedlib_api.obj
 0001:000018f0       ?_Mylast@?$_Vector_alloc@U?$_Vec_base_types@V?$basic_string@_SU?$char_traits@_S@std@@V?$allocator@_S@2@@std@@V?$allocator@V?$basic_string@_SU?$char_traits@_S@std@@V?$allocator@_S@2@@std@@@2@@std@@@std@@QEAAAEAPEAV?$basic_string@_SU?$char_traits@_S@std@@V?$allocator@_S@2@@2@XZ 00000001800028f0 f i cppsharedlib_api.obj
 0001:00001900       ?_Myptr@?$_String_val@U?$_Simple_types@D@std@@@std@@QEAAPEADXZ 0000000180002900 f i cppsharedlib_api.obj
 0001:00001910       ?_Myptr@?$_String_val@U?$_Simple_types@D@std@@@std@@QEBAPEBDXZ 0000000180002910 f i cppsharedlib_api.obj
 0001:00001920       ?_Myptr@?$_String_val@U?$_Simple_types@_S@std@@@std@@QEAAPEA_SXZ 0000000180002920 f i cppsharedlib_api.obj
 0001:00001930       ?_Myptr@?$_String_val@U?$_Simple_types@_S@std@@@std@@QEBAPEB_SXZ 0000000180002930 f i cppsharedlib_api.obj
 0001:00001940       ?_Orphan_all@?$_String_alloc@U?$_String_base_types@DV?$allocator@D@std@@@std@@@std@@QEAAXXZ 0000000180002940 f i cppsharedlib_api.obj
 0001:00001950       ?_Orphan_all@?$_String_alloc@U?$_String_base_types@_SV?$allocator@_S@std@@@std@@@std@@QEAAXXZ 0000000180002950 f i cppsharedlib_api.obj
 0001:00001960       ?_Orphan_all@?$_Vector_alloc@U?$_Vec_base_types@V?$basic_string@_SU?$char_traits@_S@std@@V?$allocator@_S@2@@std@@V?$allocator@V?$basic_string@_SU?$char_traits@_S@std@@V?$allocator@_S@2@@std@@@2@@std@@@std@@QEAAXXZ 0000000180002960 f i cppsharedlib_api.obj
 0001:00001970       ?_Orphan_all@_Container_base0@std@@QEAAXXZ 0000000180002970 f i cppsharedlib_api.obj
 0001:00001980       ?_RethrowException@exception_ptr@std@@QEBAXXZ 0000000180002980 f i cppsharedlib_api.obj
 0001:00001990       ?_Tidy@?$vector@V?$basic_string@_SU?$char_traits@_S@std@@V?$allocator@_S@2@@std@@V?$allocator@V?$basic_string@_SU?$char_traits@_S@std@@V?$allocator@_S@2@@std@@@2@@std@@AEAAXXZ 0000000180002990 f i cppsharedlib_api.obj
 0001:00001a50       ?_Tidy_deallocate@?$basic_string@DU?$char_traits@D@std@@V?$allocator@D@2@@std@@QEAAXXZ 0000000180002a50 f i cppsharedlib_api.obj
 0001:00001ac0       ?_Tidy_deallocate@?$basic_string@_SU?$char_traits@_S@std@@V?$allocator@_S@2@@std@@QEAAXXZ 0000000180002ac0 f i cppsharedlib_api.obj
 0001:00001b40       ?_Tidy_init@?$basic_string@DU?$char_traits@D@std@@V?$allocator@D@2@@std@@QEAAXXZ 0000000180002b40 f i cppsharedlib_api.obj
 0001:00001b60       ?_Tidy_init@?$basic_string@_SU?$char_traits@_S@std@@V?$allocator@_S@2@@std@@QEAAXXZ 0000000180002b60 f i cppsharedlib_api.obj
 0001:00001b80       ?_Udefault@?$vector@V?$basic_string@_SU?$char_traits@_S@std@@V?$allocator@_S@2@@std@@V?$allocator@V?$basic_string@_SU?$char_traits@_S@std@@V?$allocator@_S@2@@std@@@2@@std@@AEAAPEAV?$basic_string@_SU?$char_traits@_S@std@@V?$allocator@_S@2@@2@PEAV32@_K@Z 0000000180002b80 f i cppsharedlib_api.obj
 0001:00001ba0       ?_Xlen@?$basic_string@DU?$char_traits@D@std@@V?$allocator@D@2@@std@@SAXXZ 0000000180002ba0 f i cppsharedlib_api.obj
 0001:00001bc0       ?_Xlen@?$basic_string@_SU?$char_traits@_S@std@@V?$allocator@_S@2@@std@@SAXXZ 0000000180002bc0 f i cppsharedlib_api.obj
 0001:00001be0       ?_Xlength@?$vector@V?$basic_string@_SU?$char_traits@_S@std@@V?$allocator@_S@2@@std@@V?$allocator@V?$basic_string@_SU?$char_traits@_S@std@@V?$allocator@_S@2@@std@@@2@@std@@CAXXZ 0000000180002be0 f i cppsharedlib_api.obj
 0001:00001c40       ?allocate@?$allocator@D@std@@QEAAPEAD_K@Z 0000000180002c40 f i cppsharedlib_api.obj
 0001:00001cb0       ?allocate@?$allocator@V?$basic_string@_SU?$char_traits@_S@std@@V?$allocator@_S@2@@std@@@std@@QEAAPEAV?$basic_string@_SU?$char_traits@_S@std@@V?$allocator@_S@2@@2@_K@Z 0000000180002cb0 f i cppsharedlib_api.obj
 0001:00001d30       ?allocate@?$allocator@_S@std@@QEAAPEA_S_K@Z 0000000180002d30 f i cppsharedlib_api.obj
 0001:00001db0       ?append@?$basic_string@DU?$char_traits@D@std@@V?$allocator@D@2@@std@@QEAAAEAV12@QEBD@Z 0000000180002db0 f i cppsharedlib_api.obj
 0001:00001dd0       ?append@?$basic_string@DU?$char_traits@D@std@@V?$allocator@D@2@@std@@QEAAAEAV12@QEBD_K@Z 0000000180002dd0 f i cppsharedlib_api.obj
 0001:00001f50       ?assign@?$_Char_traits@_SG@std@@SAXAEA_SAEB_S@Z 0000000180002f50 f i cppsharedlib_api.obj
 0001:00001f60       ?assign@?$basic_string@DU?$char_traits@D@std@@V?$allocator@D@2@@std@@QEAAAEAV12@QEBD@Z 0000000180002f60 f i cppsharedlib_api.obj
 0001:00001f80       ?assign@?$basic_string@DU?$char_traits@D@std@@V?$allocator@D@2@@std@@QEAAAEAV12@QEBD_K@Z 0000000180002f80 f i cppsharedlib_api.obj
 0001:000020b0       ?assign@?$basic_string@_SU?$char_traits@_S@std@@V?$allocator@_S@2@@std@@QEAAAEAV12@QEB_S@Z 00000001800030b0 f i cppsharedlib_api.obj
 0001:000020e0       ?assign@?$basic_string@_SU?$char_traits@_S@std@@V?$allocator@_S@2@@std@@QEAAAEAV12@QEB_S_K@Z 00000001800030e0 f i cppsharedlib_api.obj
 0001:00002220       ?assign@?$char_traits@D@std@@SAXAEADAEBD@Z 0000000180003220 f i cppsharedlib_api.obj
 0001:00002230       ?c_str@?$basic_string@DU?$char_traits@D@std@@V?$allocator@D@2@@std@@QEBAPEBDXZ 0000000180003230 f i cppsharedlib_api.obj
 0001:00002240       ?capacity@?$vector@V?$basic_string@_SU?$char_traits@_S@std@@V?$allocator@_S@2@@std@@V?$allocator@V?$basic_string@_SU?$char_traits@_S@std@@V?$allocator@_S@2@@std@@@2@@std@@QEBA_KXZ 0000000180003240 f i cppsharedlib_api.obj
 0001:00002250       ?compare@?$_Char_traits@_SG@std@@SAHPEB_S0_K@Z 0000000180003250 f i cppsharedlib_api.obj
 0001:00002290       ?copy@?$char_traits@D@std@@SAPEADQEADQEBD_K@Z 0000000180003290 f i cppsharedlib_api.obj
 0001:000022b0       ?copy@?$char_traits@_S@std@@SAPEA_SPEA_SPEB_S_K@Z 00000001800032b0 f i cppsharedlib_api.obj
 0001:000022d0       ?current_exception@std@@YA?AVexception_ptr@1@XZ 00000001800032d0 f i cppsharedlib_api.obj
 0001:00002300       ?deallocate@?$allocator@D@std@@QEAAXQEAD_K@Z 0000000180003300 f i cppsharedlib_api.obj
 0001:00002340       ?deallocate@?$allocator@V?$basic_string@_SU?$char_traits@_S@std@@V?$allocator@_S@2@@std@@@std@@QEAAXQEAV?$basic_string@_SU?$char_traits@_S@std@@V?$allocator@_S@2@@2@_K@Z 0000000180003340 f i cppsharedlib_api.obj
 0001:000023a0       ?deallocate@?$allocator@_S@std@@QEAAXQEA_S_K@Z 00000001800033a0 f i cppsharedlib_api.obj
 0001:00002680       ?eof@?$char_traits@D@std@@SAHXZ 0000000180003680 f i cppsharedlib_api.obj
 0001:00002690       ?eq@?$_Char_traits@_SG@std@@SA_NAEB_S0@Z 0000000180003690 f i cppsharedlib_api.obj
 0001:000026a0       ?eq_int_type@?$char_traits@D@std@@SA_NAEBH0@Z 00000001800036a0 f i cppsharedlib_api.obj
 0001:00002e60       ?length@?$_Char_traits@_SG@std@@SA_KPEB_S@Z 0000000180003e60 f i cppsharedlib_api.obj
 0001:00002e80       ?length@?$char_traits@D@std@@SA_KQEBD@Z 0000000180003e80 f i cppsharedlib_api.obj
 0001:00002e90       ?libengine_init_library@@YAXXZ 0000000180003e90 f   cppsharedlib_api.obj
 0001:00003270       ?load_library@@YAPEAXPEBD@Z 0000000180004270 f   cppsharedlib_api.obj
 0001:00003420       ?lt@?$_Char_traits@_SG@std@@SA_NAEB_S0@Z 0000000180004420 f i cppsharedlib_api.obj
 0001:00003430       ?max@?$numeric_limits@_J@std@@SA_JXZ 0000000180004430 f i cppsharedlib_api.obj
 0001:00003440       ?max_size@?$_Default_allocator_traits@V?$allocator@D@std@@@std@@SA_KAEBV?$allocator@D@2@@Z 0000000180004440 f i cppsharedlib_api.obj
 0001:00003450       ?max_size@?$_Default_allocator_traits@V?$allocator@V?$basic_string@_SU?$char_traits@_S@std@@V?$allocator@_S@2@@std@@@std@@@std@@SA_KAEBV?$allocator@V?$basic_string@_SU?$char_traits@_S@std@@V?$allocator@_S@2@@std@@@2@@Z 0000000180004450 f i cppsharedlib_api.obj
 0001:00003460       ?max_size@?$_Default_allocator_traits@V?$allocator@_S@std@@@std@@SA_KAEBV?$allocator@_S@2@@Z 0000000180004460 f i cppsharedlib_api.obj
 0001:00003470       ?max_size@?$basic_string@DU?$char_traits@D@std@@V?$allocator@D@2@@std@@QEBA_KXZ 0000000180004470 f i cppsharedlib_api.obj
 0001:00003480       ?max_size@?$basic_string@_SU?$char_traits@_S@std@@V?$allocator@_S@2@@std@@QEBA_KXZ 0000000180004480 f i cppsharedlib_api.obj
 0001:00003490       ?max_size@?$vector@V?$basic_string@_SU?$char_traits@_S@std@@V?$allocator@_S@2@@std@@V?$allocator@V?$basic_string@_SU?$char_traits@_S@std@@V?$allocator@_S@2@@std@@@2@@std@@QEBA_KXZ 0000000180004490 f i cppsharedlib_api.obj
 0001:000034a0       ?move@?$char_traits@D@std@@SAPEADQEADQEBD_K@Z 00000001800044a0 f i cppsharedlib_api.obj
 0001:000034c0       ?move@?$char_traits@_S@std@@SAPEA_SPEA_SPEB_S_K@Z 00000001800044c0 f i cppsharedlib_api.obj
 0001:000034e0       ?rethrow_exception@std@@YAXVexception_ptr@1@@Z 00000001800044e0 f i cppsharedlib_api.obj
 0001:00003500       DllMain                    0000000180004500 f   cppsharedlib_api.obj
 0001:00003900       cppsharedlib_cancel_feval_with_completion 0000000180004900 f   cppsharedlib_api.obj
 0001:00003910       cppsharedlib_destroy_handles 0000000180004910 f   cppsharedlib_api.obj
 0001:00003920       cppsharedlib_destroy_task_handle 0000000180004920 f   cppsharedlib_api.obj
 0001:00003930       cppsharedlib_feval_with_completion 0000000180004930 f   cppsharedlib_api.obj
 0001:00003a20       cppsharedlib_get_stackframe_file 0000000180004a20 f   cppsharedlib_api.obj
 0001:00003a30       cppsharedlib_get_stackframe_func 0000000180004a30 f   cppsharedlib_api.obj
 0001:00003a40       cppsharedlib_get_stackframe_line 0000000180004a40 f   cppsharedlib_api.obj
 0001:00003a50       cppsharedlib_get_stacktrace_message 0000000180004a50 f   cppsharedlib_api.obj
 0001:00003a60       cppsharedlib_get_stacktrace_number 0000000180004a60 f   cppsharedlib_api.obj
 0001:00003a70       cppsharedlib_run_main      0000000180004a70 f   cppsharedlib_api.obj
 0001:00003a80       create_mvm_instance        0000000180004a80 f   cppsharedlib_api.obj
 0001:00003b50       create_mvm_instance_async  0000000180004b50 f   cppsharedlib_api.obj
 0001:00003c10       runtime_create_session     0000000180004c10 f   cppsharedlib_api.obj
 0001:00003cc0       runtime_terminate_session  0000000180004cc0 f   cppsharedlib_api.obj
 0001:00003cd0       terminate_mvm_instance     0000000180004cd0 f   cppsharedlib_api.obj
 0001:00003ce0       wait_for_figures_to_close  0000000180004ce0 f   cppsharedlib_api.obj
 0001:00003cf0       ??$?0$$V@?$_Compressed_pair@V?$allocator@F@std@@V?$_String_val@U?$_Simple_types@F@std@@@2@$00@std@@QEAA@U_Zero_then_variadic_args_t@1@@Z 0000000180004cf0 f i cppsharedlib_interface_util.obj
 0001:00003d00       ??$?0$$V@?$_Compressed_pair@V?$allocator@G@std@@V?$_String_val@U?$_Simple_types@G@std@@@2@$00@std@@QEAA@U_Zero_then_variadic_args_t@1@@Z 0000000180004d00 f i cppsharedlib_interface_util.obj
 0001:00003d10       ??$?0V?$allocator@D@std@@$$V@?$_Compressed_pair@V?$allocator@D@std@@V?$_String_val@U?$_Simple_types@D@std@@@2@$00@std@@QEAA@U_One_then_variadic_args_t@1@$$QEAV?$allocator@D@1@@Z 0000000180004d10 f i cppsharedlib_interface_util.obj
 0001:00003d20       ??$?0V?$allocator@D@std@@X@?$_String_alloc@U?$_String_base_types@DV?$allocator@D@std@@@std@@@std@@QEAA@$$QEAV?$allocator@D@1@@Z 0000000180004d20 f i cppsharedlib_interface_util.obj
 0001:00003d30       ??$?0V?$allocator@G@std@@$$V@?$_Compressed_pair@V?$allocator@G@std@@V?$_String_val@U?$_Simple_types@G@std@@@2@$00@std@@QEAA@U_One_then_variadic_args_t@1@$$QEAV?$allocator@G@1@@Z 0000000180004d30 f i cppsharedlib_interface_util.obj
 0001:00003d40       ??$?0V?$allocator@G@std@@X@?$_String_alloc@U?$_String_base_types@GV?$allocator@G@std@@@std@@@std@@QEAA@$$QEAV?$allocator@G@1@@Z 0000000180004d40 f i cppsharedlib_interface_util.obj
 0001:00003d50       ??$?0V?$codecvt_utf8_utf16@F$0BAPPPP@$0A@@std@@@locale@std@@QEAA@AEBV01@PEBV?$codecvt_utf8_utf16@F$0BAPPPP@$0A@@1@@Z 0000000180004d50 f i cppsharedlib_interface_util.obj
 0001:00003dc0       ??$?0V?$codecvt_utf8_utf16@G$0BAPPPP@$0A@@std@@@locale@std@@QEAA@AEBV01@PEBV?$codecvt_utf8_utf16@G$0BAPPPP@$0A@@1@@Z 0000000180004dc0 f i cppsharedlib_interface_util.obj
 0001:00003e30       ??$_Pocma@V?$allocator@D@std@@@std@@YAXAEAV?$allocator@D@0@0@Z 0000000180004e30 f i cppsharedlib_interface_util.obj
 0001:00003e40       ??$_Pocma@V?$allocator@D@std@@@std@@YAXAEAV?$allocator@D@0@0U?$integral_constant@_N$00@0@@Z 0000000180004e40 f i cppsharedlib_interface_util.obj
 0001:00004650       ??$_Refancy@PEAD$0A@@std@@YAPEADPEAD@Z 0000000180005650 f i cppsharedlib_interface_util.obj
 0001:00004660       ??$_Refancy@PEAG$0A@@std@@YAPEAGPEAG@Z 0000000180005660 f i cppsharedlib_interface_util.obj
 0001:00004670       ??$_Unfancy@G@std@@YAPEAGPEAG@Z 0000000180005670 f i cppsharedlib_interface_util.obj
 0001:00004680       ??$addressof@PEAF@std@@YAPEAPEAFAEAPEAF@Z 0000000180005680 f i cppsharedlib_interface_util.obj
 0001:00004690       ??$addressof@PEAG@std@@YAPEAPEAGAEAPEAG@Z 0000000180005690 f i cppsharedlib_interface_util.obj
 0001:000046a0       ??$addressof@V?$_String_val@U?$_Simple_types@D@std@@@std@@@std@@YAPEAV?$_String_val@U?$_Simple_types@D@std@@@0@AEAV10@@Z 00000001800056a0 f i cppsharedlib_interface_util.obj
 0001:000046b0       ??$addressof@V?$_String_val@U?$_Simple_types@G@std@@@std@@@std@@YAPEAV?$_String_val@U?$_Simple_types@G@std@@@0@AEAV10@@Z 00000001800056b0 f i cppsharedlib_interface_util.obj
 0001:000046c0       ??$addressof@V?$basic_string@DU?$char_traits@D@std@@V?$allocator@D@2@@std@@@std@@YAPEAV?$basic_string@DU?$char_traits@D@std@@V?$allocator@D@2@@0@AEAV10@@Z 00000001800056c0 f i cppsharedlib_interface_util.obj
 0001:000046d0       ??$construct@PEAGAEBQEAG@?$_Default_allocator_traits@V?$allocator@G@std@@@std@@SAXAEAV?$allocator@G@1@QEAPEAGAEBQEAG@Z 00000001800056d0 f i cppsharedlib_interface_util.obj
 0001:000046e0       ??$destroy@PEAF@?$_Default_allocator_traits@V?$allocator@F@std@@@std@@SAXAEAV?$allocator@F@1@QEAPEAF@Z 00000001800056e0 f i cppsharedlib_interface_util.obj
 0001:000046f0       ??$destroy@PEAG@?$_Default_allocator_traits@V?$allocator@G@std@@@std@@SAXAEAV?$allocator@G@1@QEAPEAG@Z 00000001800056f0 f i cppsharedlib_interface_util.obj
 0001:00004700       ??$forward@AEBQEAG@std@@YAAEBQEAGAEBQEAG@Z 0000000180005700 f i cppsharedlib_interface_util.obj
 0001:00004710       ??$forward@V?$allocator@D@std@@@std@@YA$$QEAV?$allocator@D@0@AEAV10@@Z 0000000180005710 f i cppsharedlib_interface_util.obj
 0001:00004720       ??$forward@V?$allocator@G@std@@@std@@YA$$QEAV?$allocator@G@0@AEAV10@@Z 0000000180005720 f i cppsharedlib_interface_util.obj
 0001:00004730       ??$move@AEAV?$allocator@D@std@@@std@@YA$$QEAV?$allocator@D@0@AEAV10@@Z 0000000180005730 f i cppsharedlib_interface_util.obj
 0001:00004740       ??$move@AEAV?$allocator@G@std@@@std@@YA$$QEAV?$allocator@G@0@AEAV10@@Z 0000000180005740 f i cppsharedlib_interface_util.obj
 0001:00004750       ??$move@AEAV?$basic_string@DU?$char_traits@D@std@@V?$allocator@D@2@@std@@@std@@YA$$QEAV?$basic_string@DU?$char_traits@D@std@@V?$allocator@D@2@@0@AEAV10@@Z 0000000180005750 f i cppsharedlib_interface_util.obj
 0001:00004760       ??$move@AEAV?$basic_string@GU?$char_traits@G@std@@V?$allocator@G@2@@std@@@std@@YA$$QEAV?$basic_string@GU?$char_traits@G@std@@V?$allocator@G@2@@0@AEAV10@@Z 0000000180005760 f i cppsharedlib_interface_util.obj
 0001:00004770       ??0?$_String_alloc@U?$_String_base_types@FV?$allocator@F@std@@@std@@@std@@QEAA@XZ 0000000180005770 f i cppsharedlib_interface_util.obj
 0001:00004780       ??0?$_String_alloc@U?$_String_base_types@GV?$allocator@G@std@@@std@@@std@@QEAA@XZ 0000000180005780 f i cppsharedlib_interface_util.obj
 0001:00004790       ??0?$_String_const_iterator@V?$_String_val@U?$_Simple_types@D@std@@@std@@@std@@QEAA@PEBDPEBU_Container_base0@1@@Z 0000000180005790 f i cppsharedlib_interface_util.obj
 0001:000047a0       ??0?$_String_const_iterator@V?$_String_val@U?$_Simple_types@G@std@@@std@@@std@@QEAA@PEBGPEBU_Container_base0@1@@Z 00000001800057a0 f i cppsharedlib_interface_util.obj
 0001:000047b0       ??0?$_String_iterator@V?$_String_val@U?$_Simple_types@D@std@@@std@@@std@@QEAA@PEADPEBU_Container_base0@1@@Z 00000001800057b0 f i cppsharedlib_interface_util.obj
 0001:000047c0       ??0?$_String_iterator@V?$_String_val@U?$_Simple_types@G@std@@@std@@@std@@QEAA@PEAGPEBU_Container_base0@1@@Z 00000001800057c0 f i cppsharedlib_interface_util.obj
 0001:000047d0       ??0?$_String_val@U?$_Simple_types@F@std@@@std@@QEAA@XZ 00000001800057d0 f i cppsharedlib_interface_util.obj
 0001:000047e0       ??0?$_String_val@U?$_Simple_types@G@std@@@std@@QEAA@XZ 00000001800057e0 f i cppsharedlib_interface_util.obj
 0001:000047f0       ??0?$allocator@F@std@@QEAA@XZ 00000001800057f0 f i cppsharedlib_interface_util.obj
 0001:00004800       ??0?$allocator@G@std@@QEAA@XZ 0000000180005800 f i cppsharedlib_interface_util.obj
 0001:00004810       ??0?$basic_string@DU?$char_traits@D@std@@V?$allocator@D@2@@std@@QEAA@$$QEAV01@@Z 0000000180005810 f i cppsharedlib_interface_util.obj
 0001:00004840       ??0?$basic_string@DU?$char_traits@D@std@@V?$allocator@D@2@@std@@QEAA@AEBV01@@Z 0000000180005840 f i cppsharedlib_interface_util.obj
 0001:000048f0       ??0?$basic_string@DU?$char_traits@D@std@@V?$allocator@D@2@@std@@QEAA@XZ 00000001800058f0 f i cppsharedlib_interface_util.obj
 0001:00004910       ??0?$basic_string@FU?$char_traits@F@std@@V?$allocator@F@2@@std@@QEAA@XZ 0000000180005910 f i cppsharedlib_interface_util.obj
 0001:00004930       ??0?$basic_string@GU?$char_traits@G@std@@V?$allocator@G@2@@std@@QEAA@$$QEAV01@@Z 0000000180005930 f i cppsharedlib_interface_util.obj
 0001:00004960       ??0?$basic_string@GU?$char_traits@G@std@@V?$allocator@G@2@@std@@QEAA@AEBV01@@Z 0000000180005960 f i cppsharedlib_interface_util.obj
 0001:00004a20       ??0?$basic_string@GU?$char_traits@G@std@@V?$allocator@G@2@@std@@QEAA@XZ 0000000180005a20 f i cppsharedlib_interface_util.obj
 0001:00004a40       ??0?$codecvt@FDU_Mbstatet@@@std@@QEAA@_K@Z 0000000180005a40 f i cppsharedlib_interface_util.obj
 0001:00004aa0       ??0?$codecvt_utf8_utf16@F$0BAPPPP@$0A@@std@@QEAA@_K@Z 0000000180005aa0 f i cppsharedlib_interface_util.obj
 0001:00004b00       ??0?$codecvt_utf8_utf16@G$0BAPPPP@$0A@@std@@QEAA@_K@Z 0000000180005b00 f i cppsharedlib_interface_util.obj
 0001:00004b30       ??0?$wstring_convert@V?$codecvt_utf8_utf16@F$0BAPPPP@$0A@@std@@FV?$allocator@F@2@V?$allocator@D@2@@std@@QEAA@XZ 0000000180005b30 f i cppsharedlib_interface_util.obj
 0001:00004cb0       ??0?$wstring_convert@V?$codecvt_utf8_utf16@G$0BAPPPP@$0A@@std@@GV?$allocator@G@2@V?$allocator@D@2@@std@@QEAA@XZ 0000000180005cb0 f i cppsharedlib_interface_util.obj
 0001:00004df0       ??0_Bxty@?$_String_val@U?$_Simple_types@F@std@@@std@@QEAA@XZ 0000000180005df0 f i cppsharedlib_interface_util.obj
 0001:00004e00       ??0_Bxty@?$_String_val@U?$_Simple_types@G@std@@@std@@QEAA@XZ 0000000180005e00 f i cppsharedlib_interface_util.obj
 0001:00004e10       ??0exception@std@@QEAA@AEBV01@@Z 0000000180005e10 f i cppsharedlib_interface_util.obj
 0001:00004e50       ??0exception@std@@QEAA@QEBD@Z 0000000180005e50 f i cppsharedlib_interface_util.obj
 0001:00004e90       ??0locale@std@@QEAA@XZ     0000000180005e90 f i cppsharedlib_interface_util.obj
 0001:00004ec0       ??0range_error@std@@QEAA@AEBV01@@Z 0000000180005ec0 f i cppsharedlib_interface_util.obj
 0001:00004f10       ??0range_error@std@@QEAA@PEBD@Z 0000000180005f10 f i cppsharedlib_interface_util.obj
 0001:00004f60       ??0runtime_error@std@@QEAA@AEBV01@@Z 0000000180005f60 f i cppsharedlib_interface_util.obj
 0001:00004fb0       ??0runtime_error@std@@QEAA@PEBD@Z 0000000180005fb0 f i cppsharedlib_interface_util.obj
 0001:00005000       ??1?$_Compressed_pair@V?$allocator@F@std@@V?$_String_val@U?$_Simple_types@F@std@@@2@$00@std@@QEAA@XZ 0000000180006000 f i cppsharedlib_interface_util.obj
 0001:00005010       ??1?$_Compressed_pair@V?$allocator@G@std@@V?$_String_val@U?$_Simple_types@G@std@@@2@$00@std@@QEAA@XZ 0000000180006010 f i cppsharedlib_interface_util.obj
 0001:00005020       ??1?$_String_alloc@U?$_String_base_types@FV?$allocator@F@std@@@std@@@std@@QEAA@XZ 0000000180006020 f i cppsharedlib_interface_util.obj
 0001:00005030       ??1?$_String_alloc@U?$_String_base_types@GV?$allocator@G@std@@@std@@@std@@QEAA@XZ 0000000180006030 f i cppsharedlib_interface_util.obj
 0001:00005040       ??1?$_String_val@U?$_Simple_types@F@std@@@std@@QEAA@XZ 0000000180006040 f i cppsharedlib_interface_util.obj
 0001:00005050       ??1?$_String_val@U?$_Simple_types@G@std@@@std@@QEAA@XZ 0000000180006050 f i cppsharedlib_interface_util.obj
 0001:00005060       ??1?$basic_string@FU?$char_traits@F@std@@V?$allocator@F@2@@std@@QEAA@XZ 0000000180006060 f i cppsharedlib_interface_util.obj
 0001:000050e0       ??1?$basic_string@GU?$char_traits@G@std@@V?$allocator@G@2@@std@@QEAA@XZ 00000001800060e0 f i cppsharedlib_interface_util.obj
 0001:00005160       ??1?$codecvt@FDU_Mbstatet@@@std@@MEAA@XZ 0000000180006160 f i cppsharedlib_interface_util.obj
 0001:00005180       ??1?$codecvt_utf8_utf16@F$0BAPPPP@$0A@@std@@UEAA@XZ 0000000180006180 f i cppsharedlib_interface_util.obj
 0001:000051a0       ??1?$codecvt_utf8_utf16@G$0BAPPPP@$0A@@std@@UEAA@XZ 00000001800061a0 f i cppsharedlib_interface_util.obj
 0001:000051c0       ??1?$wstring_convert@V?$codecvt_utf8_utf16@F$0BAPPPP@$0A@@std@@FV?$allocator@F@2@V?$allocator@D@2@@std@@UEAA@XZ 00000001800061c0 f i cppsharedlib_interface_util.obj
 0001:00005220       ??1?$wstring_convert@V?$codecvt_utf8_utf16@G$0BAPPPP@$0A@@std@@GV?$allocator@G@2@V?$allocator@D@2@@std@@UEAA@XZ 0000000180006220 f i cppsharedlib_interface_util.obj
 0001:00005280       ??1_Bxty@?$_String_val@U?$_Simple_types@F@std@@@std@@QEAA@XZ 0000000180006280 f i cppsharedlib_interface_util.obj
 0001:00005290       ??1_Bxty@?$_String_val@U?$_Simple_types@G@std@@@std@@QEAA@XZ 0000000180006290 f i cppsharedlib_interface_util.obj
 0001:000052a0       ??1exception@std@@UEAA@XZ  00000001800062a0 f i cppsharedlib_interface_util.obj
 0001:000052c0       ??1locale@std@@QEAA@XZ     00000001800062c0 f i cppsharedlib_interface_util.obj
 0001:00005300       ??1range_error@std@@UEAA@XZ 0000000180006300 f i cppsharedlib_interface_util.obj
 0001:00005330       ??1runtime_error@std@@UEAA@XZ 0000000180006330 f i cppsharedlib_interface_util.obj
 0001:00005360       ??4?$basic_string@DU?$char_traits@D@std@@V?$allocator@D@2@@std@@QEAAAEAV01@$$QEAV01@@Z 0000000180006360 f i cppsharedlib_interface_util.obj
 0001:000053c0       ??4locale@std@@QEAAAEAV01@AEBV01@@Z 00000001800063c0 f i cppsharedlib_interface_util.obj
 0001:00005420       ??D?$_String_const_iterator@V?$_String_val@U?$_Simple_types@D@std@@@std@@@std@@QEBAAEBDXZ 0000000180006420 f i cppsharedlib_interface_util.obj
 0001:00005430       ??D?$_String_const_iterator@V?$_String_val@U?$_Simple_types@G@std@@@std@@@std@@QEBAAEBGXZ 0000000180006430 f i cppsharedlib_interface_util.obj
 0001:00005440       ??D?$_String_iterator@V?$_String_val@U?$_Simple_types@D@std@@@std@@@std@@QEBAAEADXZ 0000000180006440 f i cppsharedlib_interface_util.obj
 0001:00005450       ??D?$_String_iterator@V?$_String_val@U?$_Simple_types@G@std@@@std@@@std@@QEBAAEAGXZ 0000000180006450 f i cppsharedlib_interface_util.obj
 0001:00005650       ??_E?$codecvt@FDU_Mbstatet@@@std@@MEAAPEAXI@Z 0000000180006650 f i cppsharedlib_interface_util.obj
 0001:00005650       ??_G?$codecvt@FDU_Mbstatet@@@std@@MEAAPEAXI@Z 0000000180006650 f i cppsharedlib_interface_util.obj
 0001:00005690       ??_G?$codecvt_utf8_utf16@F$0BAPPPP@$0A@@std@@UEAAPEAXI@Z 0000000180006690 f i cppsharedlib_interface_util.obj
 0001:00005690       ??_E?$codecvt_utf8_utf16@F$0BAPPPP@$0A@@std@@UEAAPEAXI@Z 0000000180006690 f i cppsharedlib_interface_util.obj
 0001:000056d0       ??_G?$codecvt_utf8_utf16@G$0BAPPPP@$0A@@std@@UEAAPEAXI@Z 00000001800066d0 f i cppsharedlib_interface_util.obj
 0001:000056d0       ??_E?$codecvt_utf8_utf16@G$0BAPPPP@$0A@@std@@UEAAPEAXI@Z 00000001800066d0 f i cppsharedlib_interface_util.obj
 0001:00005710       ??_G?$wstring_convert@V?$codecvt_utf8_utf16@F$0BAPPPP@$0A@@std@@FV?$allocator@F@2@V?$allocator@D@2@@std@@UEAAPEAXI@Z 0000000180006710 f i cppsharedlib_interface_util.obj
 0001:00005710       ??_E?$wstring_convert@V?$codecvt_utf8_utf16@F$0BAPPPP@$0A@@std@@FV?$allocator@F@2@V?$allocator@D@2@@std@@UEAAPEAXI@Z 0000000180006710 f i cppsharedlib_interface_util.obj
 0001:00005790       ??_G?$wstring_convert@V?$codecvt_utf8_utf16@G$0BAPPPP@$0A@@std@@GV?$allocator@G@2@V?$allocator@D@2@@std@@UEAAPEAXI@Z 0000000180006790 f i cppsharedlib_interface_util.obj
 0001:00005790       ??_E?$wstring_convert@V?$codecvt_utf8_utf16@G$0BAPPPP@$0A@@std@@GV?$allocator@G@2@V?$allocator@D@2@@std@@UEAAPEAXI@Z 0000000180006790 f i cppsharedlib_interface_util.obj
 0001:00005810       ??_Gexception@std@@UEAAPEAXI@Z 0000000180006810 f i cppsharedlib_interface_util.obj
 0001:00005810       ??_Eexception@std@@UEAAPEAXI@Z 0000000180006810 f i cppsharedlib_interface_util.obj
 0001:00005860       ??_Erange_error@std@@UEAAPEAXI@Z 0000000180006860 f i cppsharedlib_interface_util.obj
 0001:00005860       ??_Grange_error@std@@UEAAPEAXI@Z 0000000180006860 f i cppsharedlib_interface_util.obj
 0001:000058b0       ??_Eruntime_error@std@@UEAAPEAXI@Z 00000001800068b0 f i cppsharedlib_interface_util.obj
 0001:000058b0       ??_Gruntime_error@std@@UEAAPEAXI@Z 00000001800068b0 f i cppsharedlib_interface_util.obj
 0001:00005900       ?_Adopt@_Iterator_base0@std@@QEAAXPEBX@Z 0000000180006900 f i cppsharedlib_interface_util.obj
 0001:00005910       ?_Assign_rv_contents@?$basic_string@DU?$char_traits@D@std@@V?$allocator@D@2@@std@@QEAAX$$QEAV12@U?$integral_constant@_N$00@2@@Z 0000000180006910 f i cppsharedlib_interface_util.obj
 0001:00005940       ?_Assign_rv_contents_with_alloc_always_equal@?$basic_string@DU?$char_traits@D@std@@V?$allocator@D@2@@std@@QEAAX$$QEAV12@U?$integral_constant@_N$00@2@@Z 0000000180006940 f i cppsharedlib_interface_util.obj
 0001:00005970       ?_Assign_rv_contents_with_alloc_always_equal@?$basic_string@GU?$char_traits@G@std@@V?$allocator@G@2@@std@@QEAAX$$QEAV12@U?$integral_constant@_N$00@2@@Z 0000000180006970 f i cppsharedlib_interface_util.obj
 0001:00005990       ?_Calculate_growth@?$basic_string@GU?$char_traits@G@std@@V?$allocator@G@2@@std@@QEBA_K_K@Z 0000000180006990 f i cppsharedlib_interface_util.obj
 0001:000059d0       ?_Construct_lv_contents@?$basic_string@DU?$char_traits@D@std@@V?$allocator@D@2@@std@@QEAAXAEBV12@@Z 00000001800069d0 f i cppsharedlib_interface_util.obj
 0001:00005a70       ?_Construct_lv_contents@?$basic_string@GU?$char_traits@G@std@@V?$allocator@G@2@@std@@QEAAXAEBV12@@Z 0000000180006a70 f i cppsharedlib_interface_util.obj
 0001:00005b20       ?_Get_data@?$_String_alloc@U?$_String_base_types@FV?$allocator@F@std@@@std@@@std@@QEAAAEAV?$_String_val@U?$_Simple_types@F@std@@@2@XZ 0000000180006b20 f i cppsharedlib_interface_util.obj
 0001:00005b30       ?_Get_data@?$_String_alloc@U?$_String_base_types@GV?$allocator@G@std@@@std@@@std@@QEAAAEAV?$_String_val@U?$_Simple_types@G@std@@@2@XZ 0000000180006b30 f i cppsharedlib_interface_util.obj
 0001:00005b40       ?_Get_data@?$_String_alloc@U?$_String_base_types@GV?$allocator@G@std@@@std@@@std@@QEBAAEBV?$_String_val@U?$_Simple_types@G@std@@@2@XZ 0000000180006b40 f i cppsharedlib_interface_util.obj
 0001:00005b50       ?_Get_first@?$_Compressed_pair@V?$allocator@F@std@@V?$_String_val@U?$_Simple_types@F@std@@@2@$00@std@@QEAAAEAV?$allocator@F@2@XZ 0000000180006b50 f i cppsharedlib_interface_util.obj
 0001:00005b60       ?_Get_first@?$_Compressed_pair@V?$allocator@G@std@@V?$_String_val@U?$_Simple_types@G@std@@@2@$00@std@@QEAAAEAV?$allocator@G@2@XZ 0000000180006b60 f i cppsharedlib_interface_util.obj
 0001:00005b70       ?_Get_first@?$_Compressed_pair@V?$allocator@G@std@@V?$_String_val@U?$_Simple_types@G@std@@@2@$00@std@@QEBAAEBV?$allocator@G@2@XZ 0000000180006b70 f i cppsharedlib_interface_util.obj
 0001:00005b80       ?_Get_second@?$_Compressed_pair@V?$allocator@F@std@@V?$_String_val@U?$_Simple_types@F@std@@@2@$00@std@@QEAAAEAV?$_String_val@U?$_Simple_types@F@std@@@2@XZ 0000000180006b80 f i cppsharedlib_interface_util.obj
 0001:00005b90       ?_Get_second@?$_Compressed_pair@V?$allocator@G@std@@V?$_String_val@U?$_Simple_types@G@std@@@2@$00@std@@QEAAAEAV?$_String_val@U?$_Simple_types@G@std@@@2@XZ 0000000180006b90 f i cppsharedlib_interface_util.obj
 0001:00005ba0       ?_Get_second@?$_Compressed_pair@V?$allocator@G@std@@V?$_String_val@U?$_Simple_types@G@std@@@2@$00@std@@QEBAAEBV?$_String_val@U?$_Simple_types@G@std@@@2@XZ 0000000180006ba0 f i cppsharedlib_interface_util.obj
 0001:00005bb0       ?_Getal@?$_String_alloc@U?$_String_base_types@FV?$allocator@F@std@@@std@@@std@@QEAAAEAV?$allocator@F@2@XZ 0000000180006bb0 f i cppsharedlib_interface_util.obj
 0001:00005bc0       ?_Getal@?$_String_alloc@U?$_String_base_types@GV?$allocator@G@std@@@std@@@std@@QEAAAEAV?$allocator@G@2@XZ 0000000180006bc0 f i cppsharedlib_interface_util.obj
 0001:00005bd0       ?_Getal@?$_String_alloc@U?$_String_base_types@GV?$allocator@G@std@@@std@@@std@@QEBAAEBV?$allocator@G@2@XZ 0000000180006bd0 f i cppsharedlib_interface_util.obj
 0001:00005be0       ?_Init@?$codecvt@FDU_Mbstatet@@@std@@IEAAXAEBV_Locinfo@2@@Z 0000000180006be0 f i cppsharedlib_interface_util.obj
 0001:00005bf0       ?_Init@?$wstring_convert@V?$codecvt_utf8_utf16@F$0BAPPPP@$0A@@std@@FV?$allocator@F@2@V?$allocator@D@2@@std@@AEAAXPEBV?$codecvt_utf8_utf16@F$0BAPPPP@$0A@@2@@Z 0000000180006bf0 f i cppsharedlib_interface_util.obj
 0001:00005cd0       ?_Init@?$wstring_convert@V?$codecvt_utf8_utf16@G$0BAPPPP@$0A@@std@@GV?$allocator@G@2@V?$allocator@D@2@@std@@AEAAXPEBV?$codecvt_utf8_utf16@G$0BAPPPP@$0A@@2@@Z 0000000180006cd0 f i cppsharedlib_interface_util.obj
 0001:00005db0       ?_Large_string_engaged@?$_String_val@U?$_Simple_types@F@std@@@std@@QEBA_NXZ 0000000180006db0 f i cppsharedlib_interface_util.obj
 0001:00005dc0       ?_Large_string_engaged@?$_String_val@U?$_Simple_types@G@std@@@std@@QEBA_NXZ 0000000180006dc0 f i cppsharedlib_interface_util.obj
 0001:00005dd0       ?_Move_alloc@?$_String_alloc@U?$_String_base_types@DV?$allocator@D@std@@@std@@@std@@QEAAXAEAV?$allocator@D@2@@Z 0000000180006dd0 f i cppsharedlib_interface_util.obj
 0001:00005de0       ?_Myptr@?$_String_val@U?$_Simple_types@G@std@@@std@@QEAAPEAGXZ 0000000180006de0 f i cppsharedlib_interface_util.obj
 0001:00005df0       ?_Myptr@?$_String_val@U?$_Simple_types@G@std@@@std@@QEBAPEBGXZ 0000000180006df0 f i cppsharedlib_interface_util.obj
 0001:00005e00       ?_Orphan_all@?$_String_alloc@U?$_String_base_types@FV?$allocator@F@std@@@std@@@std@@QEAAXXZ 0000000180006e00 f i cppsharedlib_interface_util.obj
 0001:00005e10       ?_Orphan_all@?$_String_alloc@U?$_String_base_types@GV?$allocator@G@std@@@std@@@std@@QEAAXXZ 0000000180006e10 f i cppsharedlib_interface_util.obj
 0001:00005e20       ?_Tidy_deallocate@?$basic_string@FU?$char_traits@F@std@@V?$allocator@F@2@@std@@QEAAXXZ 0000000180006e20 f i cppsharedlib_interface_util.obj
 0001:00005ea0       ?_Tidy_deallocate@?$basic_string@GU?$char_traits@G@std@@V?$allocator@G@2@@std@@QEAAXXZ 0000000180006ea0 f i cppsharedlib_interface_util.obj
 0001:00005f20       ?_Tidy_init@?$basic_string@FU?$char_traits@F@std@@V?$allocator@F@2@@std@@QEAAXXZ 0000000180006f20 f i cppsharedlib_interface_util.obj
 0001:00005f40       ?_Tidy_init@?$basic_string@GU?$char_traits@G@std@@V?$allocator@G@2@@std@@QEAAXXZ 0000000180006f40 f i cppsharedlib_interface_util.obj
 0001:00005f60       ?_Xlen@?$basic_string@GU?$char_traits@G@std@@V?$allocator@G@2@@std@@SAXXZ 0000000180006f60 f i cppsharedlib_interface_util.obj
 0001:00005f80       ?allocate@?$allocator@G@std@@QEAAPEAG_K@Z 0000000180006f80 f i cppsharedlib_interface_util.obj
 0001:00006000       ?append@?$basic_string@DU?$char_traits@D@std@@V?$allocator@D@2@@std@@QEAAAEAV12@_KD@Z 0000000180007000 f i cppsharedlib_interface_util.obj
 0001:00006180       ?append@?$basic_string@GU?$char_traits@G@std@@V?$allocator@G@2@@std@@QEAAAEAV12@QEBG_K@Z 0000000180007180 f i cppsharedlib_interface_util.obj
 0001:00006210       ?append@?$basic_string@GU?$char_traits@G@std@@V?$allocator@G@2@@std@@QEAAAEAV12@_KG@Z 0000000180007210 f i cppsharedlib_interface_util.obj
 0001:00006280       ?assign@?$_Char_traits@FJ@std@@SAXAEAFAEBF@Z 0000000180007280 f i cppsharedlib_interface_util.obj
 0001:00006290       ?assign@?$char_traits@D@std@@SAPEADQEAD_KD@Z 0000000180007290 f i cppsharedlib_interface_util.obj
 0001:000062c0       ?assign@?$char_traits@G@std@@SAPEAGQEAG_KG@Z 00000001800072c0 f i cppsharedlib_interface_util.obj
 0001:000062f0       ?assign@?$char_traits@G@std@@SAXAEAGAEBG@Z 00000001800072f0 f i cppsharedlib_interface_util.obj
 0001:00006300       ?begin@?$basic_string@DU?$char_traits@D@std@@V?$allocator@D@2@@std@@QEAA?AV?$_String_iterator@V?$_String_val@U?$_Simple_types@D@std@@@std@@@2@XZ 0000000180007300 f i cppsharedlib_interface_util.obj
 0001:00006320       ?begin@?$basic_string@GU?$char_traits@G@std@@V?$allocator@G@2@@std@@QEAA?AV?$_String_iterator@V?$_String_val@U?$_Simple_types@G@std@@@std@@@2@XZ 0000000180007320 f i cppsharedlib_interface_util.obj
 0001:00006340       ?c_str@?$basic_string@_SU?$char_traits@_S@std@@V?$allocator@_S@2@@std@@QEBAPEB_SXZ 0000000180007340 f i cppsharedlib_interface_util.obj
 0001:00006350       ?copy@?$char_traits@G@std@@SAPEAGQEAGQEBG_K@Z 0000000180007350 f i cppsharedlib_interface_util.obj
 0001:00006370       ?data@?$basic_string@GU?$char_traits@G@std@@V?$allocator@G@2@@std@@QEBAPEBGXZ 0000000180007370 f i cppsharedlib_interface_util.obj
 0001:00006380       ?data@?$basic_string@_SU?$char_traits@_S@std@@V?$allocator@_S@2@@std@@QEBAPEB_SXZ 0000000180007380 f i cppsharedlib_interface_util.obj
 0001:00006390       ?deallocate@?$allocator@F@std@@QEAAXQEAF_K@Z 0000000180007390 f i cppsharedlib_interface_util.obj
 0001:000063e0       ?deallocate@?$allocator@G@std@@QEAAXQEAG_K@Z 00000001800073e0 f i cppsharedlib_interface_util.obj
 0001:00006430       ?do_always_noconv@?$codecvt@FDU_Mbstatet@@@std@@MEBA_NXZ 0000000180007430 f i cppsharedlib_interface_util.obj
 0001:00006440       ?do_always_noconv@?$codecvt_utf8_utf16@F$0BAPPPP@$0A@@std@@MEBA_NXZ 0000000180007440 f i cppsharedlib_interface_util.obj
 0001:00006450       ?do_always_noconv@?$codecvt_utf8_utf16@G$0BAPPPP@$0A@@std@@MEBA_NXZ 0000000180007450 f i cppsharedlib_interface_util.obj
 0001:00006460       ?do_encoding@?$codecvt_utf8_utf16@F$0BAPPPP@$0A@@std@@MEBAHXZ 0000000180007460 f i cppsharedlib_interface_util.obj
 0001:00006470       ?do_encoding@?$codecvt_utf8_utf16@G$0BAPPPP@$0A@@std@@MEBAHXZ 0000000180007470 f i cppsharedlib_interface_util.obj
 0001:00006480       ?do_in@?$codecvt@FDU_Mbstatet@@@std@@MEBAHAEAU_Mbstatet@@PEBD1AEAPEBDPEAF3AEAPEAF@Z 0000000180007480 f i cppsharedlib_interface_util.obj
 0001:000064d0       ?do_in@?$codecvt_utf8_utf16@F$0BAPPPP@$0A@@std@@MEBAHAEAU_Mbstatet@@PEBD1AEAPEBDPEAF3AEAPEAF@Z 00000001800074d0 f i cppsharedlib_interface_util.obj
 0001:00006700       ?do_in@?$codecvt_utf8_utf16@G$0BAPPPP@$0A@@std@@MEBAHAEAU_Mbstatet@@PEBD1AEAPEBDPEAG3AEAPEAG@Z 0000000180007700 f i cppsharedlib_interface_util.obj
 0001:00006930       ?do_length@?$codecvt@FDU_Mbstatet@@@std@@MEBAHAEAU_Mbstatet@@PEBD1_K@Z 0000000180007930 f i cppsharedlib_interface_util.obj
 0001:00006950       ?do_length@?$codecvt_utf8_utf16@F$0BAPPPP@$0A@@std@@MEBAHAEAU_Mbstatet@@PEBD1_K@Z 0000000180007950 f i cppsharedlib_interface_util.obj
 0001:00006a20       ?do_length@?$codecvt_utf8_utf16@G$0BAPPPP@$0A@@std@@MEBAHAEAU_Mbstatet@@PEBD1_K@Z 0000000180007a20 f i cppsharedlib_interface_util.obj
 0001:00006af0       ?do_max_length@?$codecvt_utf8_utf16@F$0BAPPPP@$0A@@std@@MEBAHXZ 0000000180007af0 f i cppsharedlib_interface_util.obj
 0001:00006b00       ?do_max_length@?$codecvt_utf8_utf16@G$0BAPPPP@$0A@@std@@MEBAHXZ 0000000180007b00 f i cppsharedlib_interface_util.obj
 0001:00006b10       ?do_out@?$codecvt@FDU_Mbstatet@@@std@@MEBAHAEAU_Mbstatet@@PEBF1AEAPEBFPEAD3AEAPEAD@Z 0000000180007b10 f i cppsharedlib_interface_util.obj
 0001:00006b50       ?do_out@?$codecvt_utf8_utf16@F$0BAPPPP@$0A@@std@@MEBAHAEAU_Mbstatet@@PEBF1AEAPEBFPEAD3AEAPEAD@Z 0000000180007b50 f i cppsharedlib_interface_util.obj
 0001:00006d10       ?do_out@?$codecvt_utf8_utf16@G$0BAPPPP@$0A@@std@@MEBAHAEAU_Mbstatet@@PEBG1AEAPEBGPEAD3AEAPEAD@Z 0000000180007d10 f i cppsharedlib_interface_util.obj
 0001:00006ed0       ?do_unshift@?$codecvt@FDU_Mbstatet@@@std@@MEBAHAEAU_Mbstatet@@PEAD1AEAPEAD@Z 0000000180007ed0 f i cppsharedlib_interface_util.obj
 0001:00006ee0       ?do_unshift@?$codecvt_utf8_utf16@F$0BAPPPP@$0A@@std@@MEBAHAEAU_Mbstatet@@PEAD1AEAPEAD@Z 0000000180007ee0 f i cppsharedlib_interface_util.obj
 0001:00006f00       ?do_unshift@?$codecvt_utf8_utf16@G$0BAPPPP@$0A@@std@@MEBAHAEAU_Mbstatet@@PEAD1AEAPEAD@Z 0000000180007f00 f i cppsharedlib_interface_util.obj
 0001:00006f20       ?from_bytes@?$wstring_convert@V?$codecvt_utf8_utf16@G$0BAPPPP@$0A@@std@@GV?$allocator@G@2@V?$allocator@D@2@@std@@QEAA?AV?$basic_string@GU?$char_traits@G@std@@V?$allocator@G@2@@2@AEBV?$basic_string@DU?$char_traits@D@std@@V?$allocator@D@2@@2@@Z 0000000180007f20 f i cppsharedlib_interface_util.obj
 0001:00006f50       ?from_bytes@?$wstring_convert@V?$codecvt_utf8_utf16@G$0BAPPPP@$0A@@std@@GV?$allocator@G@2@V?$allocator@D@2@@std@@QEAA?AV?$basic_string@GU?$char_traits@G@std@@V?$allocator@G@2@@2@PEBD0@Z 0000000180007f50 f i cppsharedlib_interface_util.obj
 0001:000073a0       ?max_size@?$_Default_allocator_traits@V?$allocator@G@std@@@std@@SA_KAEBV?$allocator@G@2@@Z 00000001800083a0 f i cppsharedlib_interface_util.obj
 0001:000073b0       ?max_size@?$basic_string@GU?$char_traits@G@std@@V?$allocator@G@2@@std@@QEBA_KXZ 00000001800083b0 f i cppsharedlib_interface_util.obj
 0001:000073c0       ?move@?$char_traits@G@std@@SAPEAGQEAGQEBG_K@Z 00000001800083c0 f i cppsharedlib_interface_util.obj
 0001:000073e0       ?out@?$codecvt@FDU_Mbstatet@@@std@@QEBAHAEAU_Mbstatet@@PEBF1AEAPEBFPEAD3AEAPEAD@Z 00000001800083e0 f i cppsharedlib_interface_util.obj
 0001:000073f0       ?select_on_container_copy_construction@?$_Default_allocator_traits@V?$allocator@D@std@@@std@@SA?AV?$allocator@D@2@AEBV32@@Z 00000001800083f0 f i cppsharedlib_interface_util.obj
 0001:00007400       ?select_on_container_copy_construction@?$_Default_allocator_traits@V?$allocator@G@std@@@std@@SA?AV?$allocator@G@2@AEBV32@@Z 0000000180008400 f i cppsharedlib_interface_util.obj
 0001:00007410       ?size@?$basic_string@DU?$char_traits@D@std@@V?$allocator@D@2@@std@@QEBA_KXZ 0000000180008410 f i cppsharedlib_interface_util.obj
 0001:00007420       ?size@?$basic_string@GU?$char_traits@G@std@@V?$allocator@G@2@@std@@QEBA_KXZ 0000000180008420 f i cppsharedlib_interface_util.obj
 0001:00007430       ?size@?$basic_string@_SU?$char_traits@_S@std@@V?$allocator@_S@2@@std@@QEBA_KXZ 0000000180008430 f i cppsharedlib_interface_util.obj
 0001:00007440       ?to_bytes@?$wstring_convert@V?$codecvt_utf8_utf16@F$0BAPPPP@$0A@@std@@FV?$allocator@F@2@V?$allocator@D@2@@std@@QEAA?AV?$basic_string@DU?$char_traits@D@std@@V?$allocator@D@2@@2@PEBF0@Z 0000000180008440 f i cppsharedlib_interface_util.obj
 0001:00007990       ?what@exception@std@@UEBAPEBDXZ 0000000180008990 f i cppsharedlib_interface_util.obj
 0001:000079b0       util_destroy_utf16         00000001800089b0 f   cppsharedlib_interface_util.obj
 0001:000079c0       util_destroy_utf8          00000001800089c0 f   cppsharedlib_interface_util.obj
 0001:000079d0       util_utf16_to_utf8         00000001800089d0 f   cppsharedlib_interface_util.obj
 0001:00007d60       util_utf8_to_utf16         0000000180008d60 f   cppsharedlib_interface_util.obj
 0001:00008150       wmemcpy                    0000000180009150 f i cppsharedlib_interface_util.obj
 0001:00008170       wmemmove                   0000000180009170 f i cppsharedlib_interface_util.obj
 0001:00008180       wmemset                    0000000180009180 f i cppsharedlib_interface_util.obj
 0001:000081a8       GetLastError               00000001800091a8 f   kernel32:KERNEL32.dll
 0001:000081ae       GetModuleFileNameA         00000001800091ae f   kernel32:KERNEL32.dll
 0001:000081b4       GetProcAddress             00000001800091b4 f   kernel32:KERNEL32.dll
 0001:000081ba       LocalFree                  00000001800091ba f   kernel32:KERNEL32.dll
 0001:000081c0       FormatMessageA             00000001800091c0 f   kernel32:KERNEL32.dll
 0001:000081c6       LoadLibraryA               00000001800091c6 f   kernel32:KERNEL32.dll
 0001:000081cc       SetDllDirectoryA           00000001800091cc f   kernel32:KERNEL32.dll
 0001:000081d2       ?uncaught_exception@std@@YA_NXZ 00000001800091d2 f   msvcprt:MSVCP140.dll
 0001:000081d8       ?__ExceptionPtrCreate@@YAXPEAX@Z 00000001800091d8 f   msvcprt:MSVCP140.dll
 0001:000081de       ?__ExceptionPtrDestroy@@YAXPEAX@Z 00000001800091de f   msvcprt:MSVCP140.dll
 0001:000081e4       ?__ExceptionPtrCopy@@YAXPEAXPEBX@Z 00000001800091e4 f   msvcprt:MSVCP140.dll
 0001:000081ea       ?__ExceptionPtrAssign@@YAXPEAXPEBX@Z 00000001800091ea f   msvcprt:MSVCP140.dll
 0001:000081f0       ?__ExceptionPtrToBool@@YA_NPEBX@Z 00000001800091f0 f   msvcprt:MSVCP140.dll
 0001:000081f6       ?__ExceptionPtrCurrentException@@YAXPEAX@Z 00000001800091f6 f   msvcprt:MSVCP140.dll
 0001:000081fc       ?__ExceptionPtrRethrow@@YAXPEBX@Z 00000001800091fc f   msvcprt:MSVCP140.dll
 0001:00008202       ?_Xbad_alloc@std@@YAXXZ    0000000180009202 f   msvcprt:MSVCP140.dll
 0001:00008208       ?_Xlength_error@std@@YAXPEBD@Z 0000000180009208 f   msvcprt:MSVCP140.dll
 0001:0000820e       ?_Execute_once@std@@YAHAEAUonce_flag@1@P6AHPEAX1PEAPEAX@Z1@Z 000000018000920e f   msvcprt:MSVCP140.dll
 0001:00008214       ?sputc@?$basic_streambuf@DU?$char_traits@D@std@@@std@@QEAAHD@Z 0000000180009214 f   msvcprt:MSVCP140.dll
 0001:0000821a       ?sputn@?$basic_streambuf@DU?$char_traits@D@std@@@std@@QEAA_JPEBD_J@Z 000000018000921a f   msvcprt:MSVCP140.dll
 0001:00008220       ?setstate@?$basic_ios@DU?$char_traits@D@std@@@std@@QEAAXH_N@Z 0000000180009220 f   msvcprt:MSVCP140.dll
 0001:00008226       ?widen@?$basic_ios@DU?$char_traits@D@std@@@std@@QEBADD@Z 0000000180009226 f   msvcprt:MSVCP140.dll
 0001:0000822c       ?_Osfx@?$basic_ostream@DU?$char_traits@D@std@@@std@@QEAAXXZ 000000018000922c f   msvcprt:MSVCP140.dll
 0001:00008232       ??6?$basic_ostream@DU?$char_traits@D@std@@@std@@QEAAAEAV01@P6AAEAV01@AEAV01@@Z@Z 0000000180009232 f   msvcprt:MSVCP140.dll
 0001:00008238       ?put@?$basic_ostream@DU?$char_traits@D@std@@@std@@QEAAAEAV12@D@Z 0000000180009238 f   msvcprt:MSVCP140.dll
 0001:0000823e       ?flush@?$basic_ostream@DU?$char_traits@D@std@@@std@@QEAAAEAV12@XZ 000000018000923e f   msvcprt:MSVCP140.dll
 0001:00008244       ?_XGetLastError@std@@YAXXZ 0000000180009244 f   msvcprt:MSVCP140.dll
 0001:0000824a       ??0_Locinfo@std@@QEAA@PEBD@Z 000000018000924a f   msvcprt:MSVCP140.dll
 0001:00008250       ??1_Locinfo@std@@QEAA@XZ   0000000180009250 f   msvcprt:MSVCP140.dll
 0001:00008256       ??4?$_Yarn@D@std@@QEAAAEAV01@PEBD@Z 0000000180009256 f   msvcprt:MSVCP140.dll
 0001:0000825c       ??Bid@locale@std@@QEAA_KXZ 000000018000925c f   msvcprt:MSVCP140.dll
 0001:00008262       ?_New_Locimp@_Locimp@locale@std@@CAPEAV123@AEBV123@@Z 0000000180009262 f   msvcprt:MSVCP140.dll
 0001:00008268       ?_Locimp_Addfac@_Locimp@locale@std@@CAXPEAV123@PEAVfacet@23@_K@Z 0000000180009268 f   msvcprt:MSVCP140.dll
 0001:0000826e       ?_Init@locale@std@@CAPEAV_Locimp@12@_N@Z 000000018000926e f   msvcprt:MSVCP140.dll
 0001:00008274       ??0codecvt_base@std@@QEAA@_K@Z 0000000180009274 f   msvcprt:MSVCP140.dll
 0001:0000827a       ??1codecvt_base@std@@UEAA@XZ 000000018000927a f   msvcprt:MSVCP140.dll
 0001:00008280       ?in@?$codecvt@GDU_Mbstatet@@@std@@QEBAHAEAU_Mbstatet@@PEBD1AEAPEBDPEAG3AEAPEAG@Z 0000000180009280 f   msvcprt:MSVCP140.dll
 0001:00008286       ??0?$codecvt@GDU_Mbstatet@@@std@@QEAA@_K@Z 0000000180009286 f   msvcprt:MSVCP140.dll
 0001:0000828c       ??1?$codecvt@GDU_Mbstatet@@@std@@MEAA@XZ 000000018000928c f   msvcprt:MSVCP140.dll
 0001:00008292       ?_Decref@facet@locale@std@@UEAAPEAV_Facet_base@3@XZ 0000000180009292 f   msvcprt:MSVCP140.dll
 0001:00008298       ?_Incref@facet@locale@std@@UEAAXXZ 0000000180009298 f   msvcprt:MSVCP140.dll
 0001:0000829e       ?do_encoding@codecvt_base@std@@MEBAHXZ 000000018000929e f   msvcprt:MSVCP140.dll
 0001:000082a4       ?do_max_length@codecvt_base@std@@MEBAHXZ 00000001800092a4 f   msvcprt:MSVCP140.dll
 0001:000082ac       ??2@YAPEAX_K@Z             00000001800092ac f   MSVCRT:new_scalar.obj
 0001:000082e8       ??3@YAXPEAX@Z              00000001800092e8 f   MSVCRT:delete_scalar.obj
 0001:000082f0       ??3@YAXPEAX_K@Z            00000001800092f0 f   MSVCRT:delete_scalar_size.obj
 0001:00008310       __chkstk                   0000000180009310 f   MSVCRT:_chkstk_.obj
 0001:00008310       _alloca_probe              0000000180009310 f   MSVCRT:_chkstk_.obj
 0001:00008364       ??1type_info@@UEAA@XZ      0000000180009364 f   MSVCRT:std_type_info_static.obj
 0001:00008370       ??_Gtype_info@@UEAAPEAXI@Z 0000000180009370 f i MSVCRT:std_type_info_static.obj
 0001:00008370       ??_Etype_info@@UEAAPEAXI@Z 0000000180009370 f i MSVCRT:std_type_info_static.obj
 0001:0000839c       ??$__crt_fast_decode_pointer@PEAP6AXXZ@@YAPEAP6AXXZQEAP6AXXZ@Z 000000018000939c f i MSVCRT:utility.obj
 0001:000083b4       ??$__crt_fast_encode_pointer@PEAP6AXXZ@@YAPEAP6AXXZQEAP6AXXZ@Z 00000001800093b4 f i MSVCRT:utility.obj
 0001:000083d4       ?__crt_rotate_pointer_value@@YA_K_KH@Z 00000001800093d4 f i MSVCRT:utility.obj
 0001:000083e0       ?configure_argv@__scrt_narrow_argv_policy@@SAHXZ 00000001800093e0 f i MSVCRT:utility.obj
 0001:00008440       ?initialize_environment@__scrt_narrow_environment_policy@@SAHXZ 0000000180009440 f i MSVCRT:utility.obj
 0001:00008478       NtCurrentTeb               0000000180009478 f i MSVCRT:utility.obj
 0001:00008484       __scrt_acquire_startup_lock 0000000180009484 f   MSVCRT:utility.obj
 0001:000084c0       __scrt_dllmain_after_initialize_c 00000001800094c0 f   MSVCRT:utility.obj
[...]
 0004:00000564       $pdata$??$_Reallocate_grow_by@V<lambda_e1befb086ad3257e3f042a63030725f7>@@_KD@?$basic_string@DU?$char_traits@D@std@@V?$allocator@D@2@@std@@QEAAAEAV01@_KV<lambda_e1befb086ad3257e3f042a63030725f7>@@_KD@Z 0000000180014564     cppsharedlib_interface_util.obj
 0004:00000570       $pdata$2$??$_Reallocate_grow_by@V<lambda_e1befb086ad3257e3f042a63030725f7>@@_KD@?$basic_string@DU?$char_traits@D@std@@V?$allocator@D@2@@std@@QEAAAEAV01@_KV<lambda_e1befb086ad3257e3f042a63030725f7>@@_KD@Z 0000000180014570     cppsharedlib_interface_util.obj
 0004:0000057c       $pdata$4$??$_Reallocate_grow_by@V<lambda_e1befb086ad3257e3f042a63030725f7>@@_KD@?$basic_string@DU?$char_traits@D@std@@V?$allocator@D@2@@std@@QEAAAEAV01@_KV<lambda_e1befb086ad3257e3f042a63030725f7>@@_KD@Z 000000018001457c     cppsharedlib_interface_util.obj
 0004:00000588       $pdata$??0?$basic_string@DU?$char_traits@D@std@@V?$allocator@D@2@@std@@QEAA@AEBV01@@Z 0000000180014588     cppsharedlib_interface_util.obj
 0004:00000594       $pdata$??0?$basic_string@GU?$char_traits@G@std@@V?$allocator@G@2@@std@@QEAA@AEBV01@@Z 0000000180014594     cppsharedlib_interface_util.obj
 0004:000005a0       $pdata$??0?$codecvt@FDU_Mbstatet@@@std@@QEAA@_K@Z 00000001800145a0     cppsharedlib_interface_util.obj
 0004:000005ac       $pdata$??0?$codecvt_utf8_utf16@F$0BAPPPP@$0A@@std@@QEAA@_K@Z 00000001800145ac     cppsharedlib_interface_util.obj
 0004:000005b8       $pdata$??0?$codecvt_utf8_utf16@G$0BAPPPP@$0A@@std@@QEAA@_K@Z 00000001800145b8     cppsharedlib_interface_util.obj
 0004:000005c4       $pdata$??0?$wstring_convert@V?$codecvt_utf8_utf16@F$0BAPPPP@$0A@@std@@FV?$allocator@F@2@V?$allocator@D@2@@std@@QEAA@XZ 00000001800145c4     cppsharedlib_interface_util.obj
 0004:000005d0       $pdata$??0?$wstring_convert@V?$codecvt_utf8_utf16@G$0BAPPPP@$0A@@std@@GV?$allocator@G@2@V?$allocator@D@2@@std@@QEAA@XZ 00000001800145d0     cppsharedlib_interface_util.obj
 0004:000005dc       $pdata$??0exception@std@@QEAA@AEBV01@@Z 00000001800145dc     cppsharedlib_interface_util.obj
 0004:000005e8       $pdata$??0exception@std@@QEAA@QEBD@Z 00000001800145e8     cppsharedlib_interface_util.obj
 0004:000005f4       $pdata$??0locale@std@@QEAA@XZ 00000001800145f4     cppsharedlib_interface_util.obj
 0004:00000600       $pdata$??0range_error@std@@QEAA@AEBV01@@Z 0000000180014600     cppsharedlib_interface_util.obj
 0004:0000060c       $pdata$??0range_error@std@@QEAA@PEBD@Z 000000018001460c     cppsharedlib_interface_util.obj
 0004:00000618       $pdata$??0runtime_error@std@@QEAA@AEBV01@@Z 0000000180014618     cppsharedlib_interface_util.obj
 0004:00000624       $pdata$??0runtime_error@std@@QEAA@PEBD@Z 0000000180014624     cppsharedlib_interface_util.obj
 0004:00000630       $pdata$??1?$basic_string@FU?$char_traits@F@std@@V?$allocator@F@2@@std@@QEAA@XZ 0000000180014630     cppsharedlib_interface_util.obj
 0004:0000063c       $pdata$??1?$basic_string@GU?$char_traits@G@std@@V?$allocator@G@2@@std@@QEAA@XZ 000000018001463c     cppsharedlib_interface_util.obj
 0004:00000648       $pdata$??1?$wstring_convert@V?$codecvt_utf8_utf16@F$0BAPPPP@$0A@@std@@FV?$allocator@F@2@V?$allocator@D@2@@std@@UEAA@XZ 0000000180014648     cppsharedlib_interface_util.obj
 0004:00000654       $pdata$??1?$wstring_convert@V?$codecvt_utf8_utf16@G$0BAPPPP@$0A@@std@@GV?$allocator@G@2@V?$allocator@D@2@@std@@UEAA@XZ 0000000180014654     cppsharedlib_interface_util.obj
 0004:00000660       $pdata$??1locale@std@@QEAA@XZ 0000000180014660     cppsharedlib_interface_util.obj
 0004:0000066c       $pdata$??1range_error@std@@UEAA@XZ 000000018001466c     cppsharedlib_interface_util.obj
 0004:00000678       $pdata$??1runtime_error@std@@UEAA@XZ 0000000180014678     cppsharedlib_interface_util.obj
 0004:00000684       $pdata$??4?$basic_string@DU?$char_traits@D@std@@V?$allocator@D@2@@std@@QEAAAEAV01@$$QEAV01@@Z 0000000180014684     cppsharedlib_interface_util.obj
 0004:00000690       $pdata$??4locale@std@@QEAAAEAV01@AEBV01@@Z 0000000180014690     cppsharedlib_interface_util.obj
 0004:0000069c       $pdata$??R<lambda_65e615be2a453ca0576c979606f46740>@@QEBAXQEADQEBD_K12@Z 000000018001469c     cppsharedlib_interface_util.obj
 0004:000006a8       $pdata$??R<lambda_66f57f934f28d61049862f64df852ff0>@@QEBAXQEAD_KQEBD@Z 00000001800146a8     cppsharedlib_interface_util.obj
 0004:000006b4       $pdata$??R<lambda_7030d12a21dba11210293044e97fe9c7>@@QEBAXQEAGQEBG_K12@Z 00000001800146b4     cppsharedlib_interface_util.obj
 0004:000006c0       $pdata$??R<lambda_9f40189620cfe4223adcbc34f0d42913>@@QEBAXQEA_S_KQEB_S@Z 00000001800146c0     cppsharedlib_interface_util.obj
 0004:000006cc       $pdata$??R<lambda_b70241e9b5ebaad244db3e52d52cab17>@@QEBAXQEAGQEBG_K2G@Z 00000001800146cc     cppsharedlib_interface_util.obj
 0004:000006d8       $pdata$??R<lambda_e1befb086ad3257e3f042a63030725f7>@@QEBAXQEADQEBD_K2D@Z 00000001800146d8     cppsharedlib_interface_util.obj
 0004:000006e4       $pdata$??_G?$codecvt@FDU_Mbstatet@@@std@@MEAAPEAXI@Z 00000001800146e4     cppsharedlib_interface_util.obj
 0004:000006f0       $pdata$??_G?$codecvt_utf8_utf16@F$0BAPPPP@$0A@@std@@UEAAPEAXI@Z 00000001800146f0     cppsharedlib_interface_util.obj
 0004:000006fc       $pdata$??_G?$codecvt_utf8_utf16@G$0BAPPPP@$0A@@std@@UEAAPEAXI@Z 00000001800146fc     cppsharedlib_interface_util.obj
 0004:00000708       $pdata$??_G?$wstring_convert@V?$codecvt_utf8_utf16@F$0BAPPPP@$0A@@std@@FV?$allocator@F@2@V?$allocator@D@2@@std@@UEAAPEAXI@Z 0000000180014708     cppsharedlib_interface_util.obj
 0004:00000714       $pdata$??_G?$wstring_convert@V?$codecvt_utf8_utf16@G$0BAPPPP@$0A@@std@@GV?$allocator@G@2@V?$allocator@D@2@@std@@UEAAPEAXI@Z 0000000180014714     cppsharedlib_interface_util.obj
 0004:00000720       $pdata$??_Gexception@std@@UEAAPEAXI@Z 0000000180014720     cppsharedlib_interface_util.obj
 0004:0000072c       $pdata$??_Grange_error@std@@UEAAPEAXI@Z 000000018001472c     cppsharedlib_interface_util.obj
 0004:00000738       $pdata$??_Gruntime_error@std@@UEAAPEAXI@Z 0000000180014738     cppsharedlib_interface_util.obj
 0004:00000744       $pdata$?_Construct_lv_contents@?$basic_string@DU?$char_traits@D@std@@V?$allocator@D@2@@std@@QEAAXAEBV12@@Z 0000000180014744     cppsharedlib_interface_util.obj
 0004:00000750       $pdata$?_Construct_lv_contents@?$basic_string@GU?$char_traits@G@std@@V?$allocator@G@2@@std@@QEAAXAEBV12@@Z 0000000180014750     cppsharedlib_interface_util.obj
 0004:0000075c       $pdata$?_Init@?$wstring_convert@V?$codecvt_utf8_utf16@F$0BAPPPP@$0A@@std@@FV?$allocator@F@2@V?$allocator@D@2@@std@@AEAAXPEBV?$codecvt_utf8_utf16@F$0BAPPPP@$0A@@2@@Z 000000018001475c     cppsharedlib_interface_util.obj
 0004:00000768       $pdata$?_Init@?$wstring_convert@V?$codecvt_utf8_utf16@G$0BAPPPP@$0A@@std@@GV?$allocator@G@2@V?$allocator@D@2@@std@@AEAAXPEBV?$codecvt_utf8_utf16@G$0BAPPPP@$0A@@2@@Z 0000000180014768     cppsharedlib_interface_util.obj
 0004:00000774       $pdata$?_Tidy_deallocate@?$basic_string@FU?$char_traits@F@std@@V?$allocator@F@2@@std@@QEAAXXZ 0000000180014774     cppsharedlib_interface_util.obj
 0004:00000780       $pdata$?_Tidy_deallocate@?$basic_string@GU?$char_traits@G@std@@V?$allocator@G@2@@std@@QEAAXXZ 0000000180014780     cppsharedlib_interface_util.obj
 0004:0000078c       $pdata$?_Xlen@?$basic_string@GU?$char_traits@G@std@@V?$allocator@G@2@@std@@SAXXZ 000000018001478c     cppsharedlib_interface_util.obj
 0004:00000798       $pdata$?allocate@?$allocator@G@std@@QEAAPEAG_K@Z 0000000180014798     cppsharedlib_interface_util.obj
 0004:000007a4       $pdata$?append@?$basic_string@DU?$char_traits@D@std@@V?$allocator@D@2@@std@@QEAAAEAV12@_KD@Z 00000001800147a4     cppsharedlib_interface_util.obj
 0004:000007b0       $pdata$1$?append@?$basic_string@DU?$char_traits@D@std@@V?$allocator@D@2@@std@@QEAAAEAV12@_KD@Z 00000001800147b0     cppsharedlib_interface_util.obj
 0004:000007bc       $pdata$2$?append@?$basic_string@DU?$char_traits@D@std@@V?$allocator@D@2@@std@@QEAAAEAV12@_KD@Z 00000001800147bc     cppsharedlib_interface_util.obj
 0004:000007c8       $pdata$?append@?$basic_string@GU?$char_traits@G@std@@V?$allocator@G@2@@std@@QEAAAEAV12@QEBG_K@Z 00000001800147c8     cppsharedlib_interface_util.obj
 0004:000007d4       $pdata$?append@?$basic_string@GU?$char_traits@G@std@@V?$allocator@G@2@@std@@QEAAAEAV12@_KG@Z 00000001800147d4     cppsharedlib_interface_util.obj
 0004:000007e0       $pdata$?assign@?$char_traits@D@std@@SAPEADQEAD_KD@Z 00000001800147e0     cppsharedlib_interface_util.obj
 0004:000007ec       $pdata$?assign@?$char_traits@G@std@@SAPEAGQEAG_KG@Z 00000001800147ec     cppsharedlib_interface_util.obj
 0004:000007f8       $pdata$0$?assign@?$char_traits@G@std@@SAPEAGQEAG_KG@Z 00000001800147f8     cppsharedlib_interface_util.obj
 0004:00000804       $pdata$1$?assign@?$char_traits@G@std@@SAPEAGQEAG_KG@Z 0000000180014804     cppsharedlib_interface_util.obj
 0004:00000810       $pdata$?copy@?$char_traits@G@std@@SAPEAGQEAGQEBG_K@Z 0000000180014810     cppsharedlib_interface_util.obj
 0004:0000081c       $pdata$?deallocate@?$allocator@F@std@@QEAAXQEAF_K@Z 000000018001481c     cppsharedlib_interface_util.obj
 0004:00000828       $pdata$?deallocate@?$allocator@G@std@@QEAAXQEAG_K@Z 0000000180014828     cppsharedlib_interface_util.obj
 0004:00000834       $pdata$?do_in@?$codecvt_utf8_utf16@F$0BAPPPP@$0A@@std@@MEBAHAEAU_Mbstatet@@PEBD1AEAPEBDPEAF3AEAPEAF@Z 0000000180014834     cppsharedlib_interface_util.obj
 0004:00000840       $pdata$?do_in@?$codecvt_utf8_utf16@G$0BAPPPP@$0A@@std@@MEBAHAEAU_Mbstatet@@PEBD1AEAPEBDPEAG3AEAPEAG@Z 0000000180014840     cppsharedlib_interface_util.obj
 0004:0000084c       $pdata$?do_length@?$codecvt_utf8_utf16@F$0BAPPPP@$0A@@std@@MEBAHAEAU_Mbstatet@@PEBD1_K@Z 000000018001484c     cppsharedlib_interface_util.obj
 0004:00000858       $pdata$?do_length@?$codecvt_utf8_utf16@G$0BAPPPP@$0A@@std@@MEBAHAEAU_Mbstatet@@PEBD1_K@Z 0000000180014858     cppsharedlib_interface_util.obj
 0004:00000864       $pdata$?do_out@?$codecvt_utf8_utf16@F$0BAPPPP@$0A@@std@@MEBAHAEAU_Mbstatet@@PEBF1AEAPEBFPEAD3AEAPEAD@Z 0000000180014864     cppsharedlib_interface_util.obj
 0004:00000870       $pdata$?do_out@?$codecvt_utf8_utf16@G$0BAPPPP@$0A@@std@@MEBAHAEAU_Mbstatet@@PEBG1AEAPEBGPEAD3AEAPEAD@Z 0000000180014870     cppsharedlib_interface_util.obj
 0004:0000087c       $pdata$?from_bytes@?$wstring_convert@V?$codecvt_utf8_utf16@G$0BAPPPP@$0A@@std@@GV?$allocator@G@2@V?$allocator@D@2@@std@@QEAA?AV?$basic_string@GU?$char_traits@G@std@@V?$allocator@G@2@@2@AEBV?$basic_string@DU?$char_traits@D@std@@V?$allocator@D@2@@2@@Z 000000018001487c     cppsharedlib_interface_util.obj
 0004:00000888       $pdata$?from_bytes@?$wstring_convert@V?$codecvt_utf8_utf16@G$0BAPPPP@$0A@@std@@GV?$allocator@G@2@V?$allocator@D@2@@std@@QEAA?AV?$basic_string@GU?$char_traits@G@std@@V?$allocator@G@2@@2@PEBD0@Z 0000000180014888     cppsharedlib_interface_util.obj
 0004:00000894       $pdata$?move@?$char_traits@G@std@@SAPEAGQEAGQEBG_K@Z 0000000180014894     cppsharedlib_interface_util.obj
 0004:000008a0       $pdata$?to_bytes@?$wstring_convert@V?$codecvt_utf8_utf16@F$0BAPPPP@$0A@@std@@FV?$allocator@F@2@V?$allocator@D@2@@std@@QEAA?AV?$basic_string@DU?$char_traits@D@std@@V?$allocator@D@2@@2@PEBF0@Z 00000001800148a0     cppsharedlib_interface_util.obj
 0004:000008ac       $pdata$util_utf16_to_utf8  00000001800148ac     cppsharedlib_interface_util.obj
 0004:000008b8       $pdata$util_utf8_to_utf16  00000001800148b8     cppsharedlib_interface_util.obj
 0004:000008c4       $pdata$wmemcpy             00000001800148c4     cppsharedlib_interface_util.obj
 0004:000008d0       $pdata$wmemset             00000001800148d0     cppsharedlib_interface_util.obj
 0004:000008dc       $pdata$0$wmemset           00000001800148dc     cppsharedlib_interface_util.obj
 0004:000008e8       $pdata$1$wmemset           00000001800148e8     cppsharedlib_interface_util.obj
 0004:000008f4       $pdata$??2@YAPEAX_K@Z      00000001800148f4     MSVCRT:new_scalar.obj
 0004:0000090c       $pdata$??_Gtype_info@@UEAAPEAXI@Z 000000018001490c     MSVCRT:std_type_info_static.obj
 0004:00000918       $pdata$?configure_argv@__scrt_narrow_argv_policy@@SAHXZ 0000000180014918     MSVCRT:utility.obj
 0004:00000924       $pdata$__scrt_acquire_startup_lock 0000000180014924     MSVCRT:utility.obj
 0004:00000930       $pdata$__scrt_dllmain_after_initialize_c 0000000180014930     MSVCRT:utility.obj
 0004:0000093c       $pdata$__scrt_dllmain_before_initialize_c 000000018001493c     MSVCRT:utility.obj
 0004:00000948       $pdata$__scrt_dllmain_crt_thread_attach 0000000180014948     MSVCRT:utility.obj
 0004:00000954       $pdata$__scrt_dllmain_crt_thread_detach 0000000180014954     MSVCRT:utility.obj
 0004:00000960       $pdata$__scrt_dllmain_exception_filter 0000000180014960     MSVCRT:utility.obj
 0004:0000096c       $pdata$__scrt_dllmain_uninitialize_c 000000018001496c     MSVCRT:utility.obj
 0004:00000978       $pdata$__scrt_dllmain_uninitialize_critical 0000000180014978     MSVCRT:utility.obj
 0004:00000984       $pdata$__scrt_initialize_crt 0000000180014984     MSVCRT:utility.obj
 0004:00000990       $pdata$__scrt_initialize_onexit_tables 0000000180014990     MSVCRT:utility.obj
 0004:0000099c       $pdata$__scrt_is_nonwritable_in_current_image 000000018001499c     MSVCRT:utility.obj
 0004:000009a8       $pdata$__scrt_release_startup_lock 00000001800149a8     MSVCRT:utility.obj
 0004:000009b4       $pdata$__scrt_uninitialize_crt 00000001800149b4     MSVCRT:utility.obj
 0004:000009c0       $pdata$_onexit             00000001800149c0     MSVCRT:utility.obj
 0004:000009cc       $pdata$atexit              00000001800149cc     MSVCRT:utility.obj
 0004:000009d8       $pdata$?__scrt_initialize_thread_safe_statics@@YAHXZ 00000001800149d8     MSVCRT:thread_safe_statics.obj
 0004:000009e4       $pdata$?__scrt_initialize_thread_safe_statics_platform_specific@@YAXXZ 00000001800149e4     MSVCRT:thread_safe_statics.obj
 0004:000009f0       $pdata$?__scrt_uninitialize_thread_safe_statics@@YAXXZ 00000001800149f0     MSVCRT:thread_safe_statics.obj
 0004:000009fc       $pdata$_Init_thread_abort  00000001800149fc     MSVCRT:thread_safe_statics.obj
 0004:00000a08       $pdata$_Init_thread_footer 0000000180014a08     MSVCRT:thread_safe_statics.obj
 0004:00000a14       $pdata$_Init_thread_header 0000000180014a14     MSVCRT:thread_safe_statics.obj
 0004:00000a20       $pdata$_Init_thread_notify 0000000180014a20     MSVCRT:thread_safe_statics.obj
 0004:00000a2c       $pdata$_Init_thread_wait   0000000180014a2c     MSVCRT:thread_safe_statics.obj
 0004:00000a38       $pdata$?dllmain_crt_dispatch@@YAHQEAUHINSTANCE__@@KQEAX@Z 0000000180014a38     MSVCRT:dll_dllmain.obj
 0004:00000a44       $pdata$?dllmain_crt_process_attach@@YAHQEAUHINSTANCE__@@QEAX@Z 0000000180014a44     MSVCRT:dll_dllmain.obj
 0004:00000a50       $pdata$?dllmain_crt_process_detach@@YAH_N@Z 0000000180014a50     MSVCRT:dll_dllmain.obj
 0004:00000a5c       $pdata$?dllmain_dispatch@@YAHQEAUHINSTANCE__@@KQEAX@Z 0000000180014a5c     MSVCRT:dll_dllmain.obj
 0004:00000a68       $pdata$?dllmain_raw@@YAHQEAUHINSTANCE__@@KQEAX@Z 0000000180014a68     MSVCRT:dll_dllmain.obj
 0004:00000a74       $pdata$_DllMainCRTStartup  0000000180014a74     MSVCRT:dll_dllmain.obj
 0004:00000a80       $pdata$??0bad_alloc@std@@QEAA@AEBV01@@Z 0000000180014a80     MSVCRT:throw_bad_alloc.obj
 0004:00000a8c       $pdata$??0bad_array_new_length@std@@QEAA@AEBV01@@Z 0000000180014a8c     MSVCRT:throw_bad_alloc.obj
 0004:00000a98       $pdata$??_Gbad_alloc@std@@UEAAPEAXI@Z 0000000180014a98     MSVCRT:throw_bad_alloc.obj
 0004:00000aa4       $pdata$??_Gbad_array_new_length@std@@UEAAPEAXI@Z 0000000180014aa4     MSVCRT:throw_bad_alloc.obj
 0004:00000ab0       $pdata$?__scrt_throw_std_bad_alloc@@YAXXZ 0000000180014ab0     MSVCRT:throw_bad_alloc.obj
 0004:00000abc       $pdata$?__scrt_throw_std_bad_array_new_length@@YAXXZ 0000000180014abc     MSVCRT:throw_bad_alloc.obj
 0004:00000ac8       $pdata$__isa_available_init 0000000180014ac8     MSVCRT:_cpu_disp_.obj
 0004:00000ad4       $pdata$__scrt_fastfail     0000000180014ad4     MSVCRT:utility_desktop.obj
 0004:00000ae0       $pdata$__scrt_get_show_window_mode 0000000180014ae0     MSVCRT:utility_desktop.obj
 0004:00000aec       $pdata$__scrt_is_managed_app 0000000180014aec     MSVCRT:utility_desktop.obj
 0004:00000af8       $pdata$__scrt_unhandled_exception_filter 0000000180014af8     MSVCRT:utility_desktop.obj
 0004:00000b04       $pdata$__get_entropy       0000000180014b04     MSVCRT:gs_support.obj
 0004:00000b10       $pdata$__security_init_cookie 0000000180014b10     MSVCRT:gs_support.obj
 0004:00000b1c       $pdata$__scrt_initialize_default_local_stdio_options 0000000180014b1c     MSVCRT:default_local_stdio_options.obj
 0004:00000b28       $pdata$_RTC_Initialize     0000000180014b28     MSVCRT:_initsect_.obj
 0004:00000b34       $pdata$_RTC_Terminate      0000000180014b34     MSVCRT:_initsect_.obj
 0004:00000b7c       $pdata$?catch$9@?0???$?6U?$char_traits@D@std@@@std@@YAAEAV?$basic_ostream@DU?$char_traits@D@std@@@0@AEAV10@PEBD@Z@4HA 0000000180014b7c     cppsharedlib_api.obj
 0004:00000b88       $pdata$?catch$19@?0???$_Callback_once@V?$tuple@A6AXPEAPEA_S_K@ZAEAPEAPEA_SAEA_KAEAVexception_ptr@std@@@std@@U?$integer_sequence@_K$0A@$00$01@2@$02@std@@YAHPEAX0PEAPEAX@Z@4HA 0000000180014b88     cppsharedlib_api.obj
 0004:00000b94       $pdata$?catch$5@?0???$_Uninitialized_value_construct_n1@PEAV?$basic_string@_SU?$char_traits@_S@std@@V?$allocator@_S@2@@std@@_KV?$allocator@V?$basic_string@_SU?$char_traits@_S@std@@V?$allocator@_S@2@@std@@@2@@std@@YAPEAV?$basic_string@_SU?$char_traits@_S@std@@V?$allocator@_S@2@@0@PEAV10@_KAEAV?$allocator@V?$basic_string@_SU?$char_traits@_S@std@@V?$allocator@_S@2@@std@@@0@U?$integral_constant@_N$0A@@0@@Z@4HA 0000000180014b94     cppsharedlib_api.obj
 0004:00000ba0       $pdata$?catch$42@?0???0?$vector@V?$basic_string@_SU?$char_traits@_S@std@@V?$allocator@_S@2@@std@@V?$allocator@V?$basic_string@_SU?$char_traits@_S@std@@V?$allocator@_S@2@@std@@@2@@std@@QEAA@_KAEBV?$allocator@V?$basic_string@_SU?$char_traits@_S@std@@V?$allocator@_S@2@@std@@@1@@Z@4HA 0000000180014ba0     cppsharedlib_api.obj
 0004:00000bac       $pdata$create_mvm_instance$catch$14 0000000180014bac     cppsharedlib_api.obj
 0004:00000bb8       $pdata$create_mvm_instance$catch$15 0000000180014bb8     cppsharedlib_api.obj
 0004:00000bc4       $pdata$?dtor$3@?0???0?$wstring_convert@V?$codecvt_utf8_utf16@F$0BAPPPP@$0A@@std@@FV?$allocator@F@2@V?$allocator@D@2@@std@@QEAA@XZ@4HA 0000000180014bc4     cppsharedlib_interface_util.obj
 0004:00000bd0       $pdata$?dtor$3@?0???0?$wstring_convert@V?$codecvt_utf8_utf16@G$0BAPPPP@$0A@@std@@GV?$allocator@G@2@V?$allocator@D@2@@std@@QEAA@XZ@4HA 0000000180014bd0     cppsharedlib_interface_util.obj
 0004:00000bdc       $pdata$util_utf16_to_utf8$catch$83 0000000180014bdc     cppsharedlib_interface_util.obj
 0004:00000be8       $pdata$util_utf8_to_utf16$catch$96 0000000180014be8     cppsharedlib_interface_util.obj
 0004:00000bf4       $pdata$__scrt_is_nonwritable_in_current_image$filt$0 0000000180014bf4     MSVCRT:utility.obj
 0004:00000c00       $pdata$?fin$0@?0??dllmain_crt_process_attach@@YAHQEAUHINSTANCE__@@QEAX@Z@4HA 0000000180014c00     MSVCRT:dll_dllmain.obj
 0004:00000c0c       $pdata$?fin$0@?0??dllmain_crt_process_detach@@YAH_N@Z@4HA 0000000180014c0c     MSVCRT:dll_dllmain.obj
 0004:00000c18       $pdata$?filt$0@?0??dllmain_dispatch@@YAHQEAUHINSTANCE__@@KQEAX@Z@4HA 0000000180014c18     MSVCRT:dll_dllmain.obj
 0004:00000c24       $pdata$??__Fconv@?2??util_utf8_to_utf16@@9@YAXXZ 0000000180014c24     cppsharedlib_interface_util.obj
